Archive member included to satisfy reference by file (symbol)

/home/deh/launchpad/gcc-arm-none-eabi-5_4-2016q3/bin/../lib/gcc/arm-none-eabi/5.4.1/../../../../arm-none-eabi/lib/armv7e-m/fpu/libc_nano.a(lib_a-errno.o)
                              build/syscalls.o (__errno)
/home/deh/launchpad/gcc-arm-none-eabi-5_4-2016q3/bin/../lib/gcc/arm-none-eabi/5.4.1/../../../../arm-none-eabi/lib/armv7e-m/fpu/libc_nano.a(lib_a-exit.o)
                              /home/deh/launchpad/gcc-arm-none-eabi-5_4-2016q3/bin/../lib/gcc/arm-none-eabi/5.4.1/../../../../arm-none-eabi/lib/armv7e-m/fpu/crt0.o (exit)
/home/deh/launchpad/gcc-arm-none-eabi-5_4-2016q3/bin/../lib/gcc/arm-none-eabi/5.4.1/../../../../arm-none-eabi/lib/armv7e-m/fpu/libc_nano.a(lib_a-impure.o)
                              /home/deh/launchpad/gcc-arm-none-eabi-5_4-2016q3/bin/../lib/gcc/arm-none-eabi/5.4.1/../../../../arm-none-eabi/lib/armv7e-m/fpu/libc_nano.a(lib_a-exit.o) (_global_impure_ptr)
/home/deh/launchpad/gcc-arm-none-eabi-5_4-2016q3/bin/../lib/gcc/arm-none-eabi/5.4.1/../../../../arm-none-eabi/lib/armv7e-m/fpu/libc_nano.a(lib_a-init.o)
                              /home/deh/launchpad/gcc-arm-none-eabi-5_4-2016q3/bin/../lib/gcc/arm-none-eabi/5.4.1/../../../../arm-none-eabi/lib/armv7e-m/fpu/crt0.o (__libc_init_array)
/home/deh/launchpad/gcc-arm-none-eabi-5_4-2016q3/bin/../lib/gcc/arm-none-eabi/5.4.1/../../../../arm-none-eabi/lib/armv7e-m/fpu/libc_nano.a(lib_a-memset.o)
                              /home/deh/launchpad/gcc-arm-none-eabi-5_4-2016q3/bin/../lib/gcc/arm-none-eabi/5.4.1/../../../../arm-none-eabi/lib/armv7e-m/fpu/crt0.o (memset)
/home/deh/launchpad/gcc-arm-none-eabi-5_4-2016q3/bin/../lib/gcc/arm-none-eabi/5.4.1/../../../../arm-none-eabi/lib/armv7e-m/fpu/libc_nano.a(lib_a-printf.o)
                              build/main.o (printf)
/home/deh/launchpad/gcc-arm-none-eabi-5_4-2016q3/bin/../lib/gcc/arm-none-eabi/5.4.1/../../../../arm-none-eabi/lib/armv7e-m/fpu/libc_nano.a(lib_a-findfp.o)
                              /home/deh/launchpad/gcc-arm-none-eabi-5_4-2016q3/bin/../lib/gcc/arm-none-eabi/5.4.1/../../../../arm-none-eabi/lib/armv7e-m/fpu/libc_nano.a(lib_a-printf.o) (__sinit)
/home/deh/launchpad/gcc-arm-none-eabi-5_4-2016q3/bin/../lib/gcc/arm-none-eabi/5.4.1/../../../../arm-none-eabi/lib/armv7e-m/fpu/libc_nano.a(lib_a-fwalk.o)
                              /home/deh/launchpad/gcc-arm-none-eabi-5_4-2016q3/bin/../lib/gcc/arm-none-eabi/5.4.1/../../../../arm-none-eabi/lib/armv7e-m/fpu/libc_nano.a(lib_a-findfp.o) (_fwalk)
/home/deh/launchpad/gcc-arm-none-eabi-5_4-2016q3/bin/../lib/gcc/arm-none-eabi/5.4.1/../../../../arm-none-eabi/lib/armv7e-m/fpu/libc_nano.a(lib_a-nano-mallocr.o)
                              /home/deh/launchpad/gcc-arm-none-eabi-5_4-2016q3/bin/../lib/gcc/arm-none-eabi/5.4.1/../../../../arm-none-eabi/lib/armv7e-m/fpu/libc_nano.a(lib_a-findfp.o) (_malloc_r)
/home/deh/launchpad/gcc-arm-none-eabi-5_4-2016q3/bin/../lib/gcc/arm-none-eabi/5.4.1/../../../../arm-none-eabi/lib/armv7e-m/fpu/libc_nano.a(lib_a-nano-vfprintf.o)
                              /home/deh/launchpad/gcc-arm-none-eabi-5_4-2016q3/bin/../lib/gcc/arm-none-eabi/5.4.1/../../../../arm-none-eabi/lib/armv7e-m/fpu/libc_nano.a(lib_a-printf.o) (_vfprintf_r)
/home/deh/launchpad/gcc-arm-none-eabi-5_4-2016q3/bin/../lib/gcc/arm-none-eabi/5.4.1/../../../../arm-none-eabi/lib/armv7e-m/fpu/libc_nano.a(lib_a-nano-vfprintf_i.o)
                              /home/deh/launchpad/gcc-arm-none-eabi-5_4-2016q3/bin/../lib/gcc/arm-none-eabi/5.4.1/../../../../arm-none-eabi/lib/armv7e-m/fpu/libc_nano.a(lib_a-nano-vfprintf.o) (_printf_i)
/home/deh/launchpad/gcc-arm-none-eabi-5_4-2016q3/bin/../lib/gcc/arm-none-eabi/5.4.1/../../../../arm-none-eabi/lib/armv7e-m/fpu/libc_nano.a(lib_a-sbrkr.o)
                              /home/deh/launchpad/gcc-arm-none-eabi-5_4-2016q3/bin/../lib/gcc/arm-none-eabi/5.4.1/../../../../arm-none-eabi/lib/armv7e-m/fpu/libc_nano.a(lib_a-nano-mallocr.o) (_sbrk_r)
/home/deh/launchpad/gcc-arm-none-eabi-5_4-2016q3/bin/../lib/gcc/arm-none-eabi/5.4.1/../../../../arm-none-eabi/lib/armv7e-m/fpu/libc_nano.a(lib_a-stdio.o)
                              /home/deh/launchpad/gcc-arm-none-eabi-5_4-2016q3/bin/../lib/gcc/arm-none-eabi/5.4.1/../../../../arm-none-eabi/lib/armv7e-m/fpu/libc_nano.a(lib_a-findfp.o) (__sread)
/home/deh/launchpad/gcc-arm-none-eabi-5_4-2016q3/bin/../lib/gcc/arm-none-eabi/5.4.1/../../../../arm-none-eabi/lib/armv7e-m/fpu/libc_nano.a(lib_a-wbuf.o)
                              /home/deh/launchpad/gcc-arm-none-eabi-5_4-2016q3/bin/../lib/gcc/arm-none-eabi/5.4.1/../../../../arm-none-eabi/lib/armv7e-m/fpu/libc_nano.a(lib_a-nano-vfprintf.o) (__swbuf_r)
/home/deh/launchpad/gcc-arm-none-eabi-5_4-2016q3/bin/../lib/gcc/arm-none-eabi/5.4.1/../../../../arm-none-eabi/lib/armv7e-m/fpu/libc_nano.a(lib_a-writer.o)
[...]
Memory Configuration

Name             Origin             Length             Attributes
RAM              0x20000000         0x0000c000         xrw
RAM2             0x10000000         0x00004000         xrw
FLASH            0x08000000         0x00008000         xr
*default*        0x00000000         0xffffffff

Linker script and memory map

LOAD /home/deh/launchpad/gcc-arm-none-eabi-5_4-2016q3/bin/../lib/gcc/arm-none-eabi/5.4.1/armv7e-m/fpu/crti.o
LOAD /home/deh/launchpad/gcc-arm-none-eabi-5_4-2016q3/bin/../lib/gcc/arm-none-eabi/5.4.1/armv7e-m/fpu/crtbegin.o
LOAD /home/deh/launchpad/gcc-arm-none-eabi-5_4-2016q3/bin/../lib/gcc/arm-none-eabi/5.4.1/../../../../arm-none-eabi/lib/armv7e-m/fpu/crt0.o
LOAD build/main.o
LOAD build/stm32l4xx_it.o
LOAD build/stm32l4xx_hal_msp.o
LOAD build/stm32l4xx_hal_timebase_tim.o
LOAD build/stm32l4xx_hal.o
LOAD build/stm32l4xx_hal_i2c.o
LOAD build/stm32l4xx_hal_i2c_ex.o
LOAD build/stm32l4xx_hal_rcc.o
LOAD build/stm32l4xx_hal_rcc_ex.o
LOAD build/stm32l4xx_hal_flash.o
LOAD build/stm32l4xx_hal_flash_ex.o
LOAD build/stm32l4xx_hal_flash_ramfunc.o
LOAD build/stm32l4xx_hal_gpio.o
LOAD build/stm32l4xx_hal_dma.o
LOAD build/stm32l4xx_hal_dma_ex.o
LOAD build/stm32l4xx_hal_pwr.o
LOAD build/stm32l4xx_hal_pwr_ex.o
LOAD build/stm32l4xx_hal_cortex.o
LOAD build/stm32l4xx_hal_exti.o
LOAD build/stm32l4xx_hal_can.o
LOAD build/stm32l4xx_hal_tim.o
LOAD build/stm32l4xx_hal_tim_ex.o
LOAD build/stm32l4xx_hal_uart.o
LOAD build/stm32l4xx_hal_uart_ex.o
LOAD build/system_stm32l4xx.o
LOAD build/DTW_counter.o
LOAD build/morse.o
LOAD build/syscalls.o
LOAD build/system_reset.o
LOAD build/canwinch_ldrproto.o
LOAD build/flash_write.o
LOAD build/startup_stm32l431xx.o
LOAD /home/deh/launchpad/gcc-arm-none-eabi-5_4-2016q3/bin/../lib/gcc/arm-none-eabi/5.4.1/../../../../arm-none-eabi/lib/armv7e-m/fpu/libc_nano.a
LOAD /home/deh/launchpad/gcc-arm-none-eabi-5_4-2016q3/bin/../lib/gcc/arm-none-eabi/5.4.1/../../../../arm-none-eabi/lib/armv7e-m/fpu/libm.a
LOAD /home/deh/launchpad/gcc-arm-none-eabi-5_4-2016q3/bin/../lib/gcc/arm-none-eabi/5.4.1/../../../../arm-none-eabi/lib/armv7e-m/fpu/libnosys.a
START GROUP
LOAD /home/deh/launchpad/gcc-arm-none-eabi-5_4-2016q3/bin/../lib/gcc/arm-none-eabi/5.4.1/armv7e-m/fpu/libgcc.a
LOAD /home/deh/launchpad/gcc-arm-none-eabi-5_4-2016q3/bin/../lib/gcc/arm-none-eabi/5.4.1/../../../../arm-none-eabi/lib/armv7e-m/fpu/libc_nano.a
END GROUP
START GROUP
LOAD /home/deh/launchpad/gcc-arm-none-eabi-5_4-2016q3/bin/../lib/gcc/arm-none-eabi/5.4.1/armv7e-m/fpu/libgcc.a
LOAD /home/deh/launchpad/gcc-arm-none-eabi-5_4-2016q3/bin/../lib/gcc/arm-none-eabi/5.4.1/../../../../arm-none-eabi/lib/armv7e-m/fpu/libc_nano.a
END GROUP
LOAD /home/deh/launchpad/gcc-arm-none-eabi-5_4-2016q3/bin/../lib/gcc/arm-none-eabi/5.4.1/armv7e-m/fpu/crtend.o
LOAD /home/deh/launchpad/gcc-arm-none-eabi-5_4-2016q3/bin/../lib/gcc/arm-none-eabi/5.4.1/armv7e-m/fpu/crtn.o
                0x2000c000                _estack = 0x2000c000
                0x00001000                _Min_Heap_Size = 0x1000
                0x00002000                _Min_Stack_Size = 0x2000
                0x08008004                __appjump = 0x8008004
                0x08008000                __appoffset = 0x8008000

.isr_vector     0x08000000      0x190
                0x08000000                . = ALIGN (0x8)
 *(.isr_vector)
 .isr_vector    0x08000000      0x18c build/startup_stm32l431xx.o
                0x08000000                g_pfnVectors
                0x08000190                . = ALIGN (0x8)
 *fill*         0x0800018c        0x4 

.text           0x08000190     0x4308
                0x08000190                . = ALIGN (0x8)
 *(.text)
 .text          0x08000190       0x5c /home/deh/launchpad/gcc-arm-none-eabi-5_4-2016q3/bin/../lib/gcc/arm-none-eabi/5.4.1/armv7e-m/fpu/crtbegin.o
 *fill*         0x080001ec        0x4 
 .text          0x080001f0       0xa0 /home/deh/launchpad/gcc-arm-none-eabi-5_4-2016q3/bin/../lib/gcc/arm-none-eabi/5.4.1/../../../../arm-none-eabi/lib/armv7e-m/fpu/libc_nano.a(lib_a-memchr.o)
                0x080001f0                memchr
 .text          0x08000290       0x30 /home/deh/launchpad/gcc-arm-none-eabi-5_4-2016q3/bin/../lib/gcc/arm-none-eabi/5.4.1/armv7e-m/fpu/libgcc.a(_aeabi_uldivmod.o)
                0x08000290                __aeabi_uldivmod
 .text          0x080002c0      0x2e4 /home/deh/launchpad/gcc-arm-none-eabi-5_4-2016q3/bin/../lib/gcc/arm-none-eabi/5.4.1/armv7e-m/fpu/libgcc.a(_udivmoddi4.o)
                0x080002c0                __udivmoddi4
 .text          0x080005a4        0x4 /home/deh/launchpad/gcc-arm-none-eabi-5_4-2016q3/bin/../lib/gcc/arm-none-eabi/5.4.1/armv7e-m/fpu/libgcc.a(_dvmd_tls.o)
                0x080005a4                __aeabi_ldiv0
                0x080005a4                __aeabi_idiv0
 *(.text*)
 .text.MX_GPIO_Init
                0x080005a8       0x74 build/main.o
 .text.HAL_TIM_PeriodElapsedCallback
                0x0800061c       0x14 build/main.o
                0x0800061c                HAL_TIM_PeriodElapsedCallback
 .text.Error_Handler
                0x08000630        0x4 build/main.o
                0x08000630                Error_Handler
 .text.MX_CAN1_Init
                0x08000634       0x40 build/main.o
 .text.MX_USART1_UART_Init
                0x08000674       0x38 build/main.o
 .text.MX_TIM15_Init
                0x080006ac       0xd0 build/main.o
 .text.SystemClock_Config
                0x0800077c       0x78 build/main.o
                0x0800077c                SystemClock_Config
 .text.main     0x080007f4      0x214 build/main.o
                0x080007f4                main
 .text.NMI_Handler
                0x08000a08        0x4 build/stm32l4xx_it.o
                0x08000a08                NMI_Handler
 .text.HardFault_Handler
                0x08000a0c        0x4 build/stm32l4xx_it.o
                0x08000a0c                HardFault_Handler
 .text.MemManage_Handler
                0x08000a10        0x4 build/stm32l4xx_it.o
                0x08000a10                MemManage_Handler
 .text.BusFault_Handler
                0x08000a14        0x4 build/stm32l4xx_it.o
                0x08000a14                BusFault_Handler
 .text.UsageFault_Handler
                0x08000a18        0x4 build/stm32l4xx_it.o
                0x08000a18                UsageFault_Handler
 .text.SVC_Handler
                0x08000a1c        0x4 build/stm32l4xx_it.o
                0x08000a1c                SVC_Handler
 .text.DebugMon_Handler
                0x08000a20        0x4 build/stm32l4xx_it.o
                0x08000a20                DebugMon_Handler
 .text.PendSV_Handler
                0x08000a24        0x4 build/stm32l4xx_it.o
                0x08000a24                PendSV_Handler
 .text.SysTick_Handler
                0x08000a28        0x4 build/stm32l4xx_it.o
                0x08000a28                SysTick_Handler
 .text.CAN1_TX_IRQHandler
                0x08000a2c       0x10 build/stm32l4xx_it.o
                0x08000a2c                CAN1_TX_IRQHandler
 .text.CAN1_RX0_IRQHandler
                0x08000a3c       0x10 build/stm32l4xx_it.o
                0x08000a3c                CAN1_RX0_IRQHandler
 .text.CAN1_RX1_IRQHandler
                0x08000a4c       0x10 build/stm32l4xx_it.o
                0x08000a4c                CAN1_RX1_IRQHandler
 .text.TIM1_UP_TIM16_IRQHandler
                0x08000a5c       0x10 build/stm32l4xx_it.o
                0x08000a5c                TIM1_UP_TIM16_IRQHandler
 .text.USART1_IRQHandler
                0x08000a6c       0x10 build/stm32l4xx_it.o
                0x08000a6c                USART1_IRQHandler
 .text.HAL_MspInit
                0x08000a7c       0x30 build/stm32l4xx_hal_msp.o
                0x08000a7c                HAL_MspInit
 .text.HAL_CAN_MspInit
                0x08000aac       0x98 build/stm32l4xx_hal_msp.o
                0x08000aac                HAL_CAN_MspInit
 .text.HAL_TIM_Base_MspInit
                0x08000b44       0x28 build/stm32l4xx_hal_msp.o
                0x08000b44                HAL_TIM_Base_MspInit
 .text.HAL_UART_MspInit
                0x08000b6c       0x98 build/stm32l4xx_hal_msp.o
                0x08000b6c                HAL_UART_MspInit
 .text.HAL_InitTick
                0x08000c04       0x78 build/stm32l4xx_hal_timebase_tim.o
                0x08000c04                HAL_InitTick
 .text.HAL_Init
                0x08000c7c       0x1c build/stm32l4xx_hal.o
                0x08000c7c                HAL_Init
 .text.HAL_IncTick
                0x08000c98       0x18 build/stm32l4xx_hal.o
                0x08000c98                HAL_IncTick
 .text.HAL_GetTick
                0x08000cb0        0xc build/stm32l4xx_hal.o
                0x08000cb0                HAL_GetTick
 .text.RCC_SetFlashLatencyFromMSIRange
                0x08000cbc       0x90 build/stm32l4xx_hal_rcc.o
 .text.HAL_RCC_GetSysClockFreq
                0x08000d4c       0xb8 build/stm32l4xx_hal_rcc.o
                0x08000d4c                HAL_RCC_GetSysClockFreq
 .text.HAL_RCC_OscConfig
                0x08000e04      0x6b8 build/stm32l4xx_hal_rcc.o
                0x08000e04                HAL_RCC_OscConfig
 .text.HAL_RCC_ClockConfig
                0x080014bc      0x164 build/stm32l4xx_hal_rcc.o
                0x080014bc                HAL_RCC_ClockConfig
 .text.HAL_RCC_GetHCLKFreq
                0x08001620        0xc build/stm32l4xx_hal_rcc.o
                0x08001620                HAL_RCC_GetHCLKFreq
 .text.HAL_RCC_GetPCLK1Freq
                0x0800162c       0x24 build/stm32l4xx_hal_rcc.o
                0x0800162c                HAL_RCC_GetPCLK1Freq
 .text.HAL_RCC_GetPCLK2Freq
                0x08001650       0x24 build/stm32l4xx_hal_rcc.o
                0x08001650                HAL_RCC_GetPCLK2Freq
 .text.HAL_RCC_GetClockConfig
                0x08001674       0x3c build/stm32l4xx_hal_rcc.o
                0x08001674                HAL_RCC_GetClockConfig
 .text.RCCEx_PLLSAI1_Config
                0x080016b0      0x17c build/stm32l4xx_hal_rcc_ex.o
 .text.HAL_RCCEx_PeriphCLKConfig
                0x0800182c      0x31c build/stm32l4xx_hal_rcc_ex.o
                0x0800182c                HAL_RCCEx_PeriphCLKConfig
 .text.HAL_GPIO_Init
                0x08001b48      0x1a8 build/stm32l4xx_hal_gpio.o
                0x08001b48                HAL_GPIO_Init
 .text.HAL_GPIO_WritePin
                0x08001cf0        0xc build/stm32l4xx_hal_gpio.o
                0x08001cf0                HAL_GPIO_WritePin
 .text.HAL_DMA_Abort
                0x08001cfc       0x4c build/stm32l4xx_hal_dma.o
                0x08001cfc                HAL_DMA_Abort
 .text.HAL_DMA_Abort_IT
                0x08001d48       0x50 build/stm32l4xx_hal_dma.o
                0x08001d48                HAL_DMA_Abort_IT
 .text.HAL_PWREx_GetVoltageRange
                0x08001d98       0x10 build/stm32l4xx_hal_pwr_ex.o
                0x08001d98                HAL_PWREx_GetVoltageRange
 .text.HAL_PWREx_ControlVoltageScaling
                0x08001da8       0x90 build/stm32l4xx_hal_pwr_ex.o
                0x08001da8                HAL_PWREx_ControlVoltageScaling
 .text.HAL_NVIC_SetPriorityGrouping
                0x08001e38       0x24 build/stm32l4xx_hal_cortex.o
                0x08001e38                HAL_NVIC_SetPriorityGrouping
 .text.HAL_NVIC_SetPriority
                0x08001e5c       0x64 build/stm32l4xx_hal_cortex.o
                0x08001e5c                HAL_NVIC_SetPriority
 .text.HAL_NVIC_EnableIRQ
                0x08001ec0       0x1c build/stm32l4xx_hal_cortex.o
                0x08001ec0                HAL_NVIC_EnableIRQ
 .text.HAL_CAN_Init
                0x08001edc      0x154 build/stm32l4xx_hal_can.o
                0x08001edc                HAL_CAN_Init
 .text.HAL_CAN_TxMailbox0CompleteCallback
                0x08002030        0x4 build/stm32l4xx_hal_can.o
                0x08002030                HAL_CAN_TxMailbox0CompleteCallback
 .text.HAL_CAN_TxMailbox1CompleteCallback
                0x08002034        0x4 build/stm32l4xx_hal_can.o
                0x08002034                HAL_CAN_TxMailbox1CompleteCallback
 .text.HAL_CAN_TxMailbox2CompleteCallback
                0x08002038        0x4 build/stm32l4xx_hal_can.o
                0x08002038                HAL_CAN_TxMailbox2CompleteCallback
 .text.HAL_CAN_TxMailbox0AbortCallback
                0x0800203c        0x4 build/stm32l4xx_hal_can.o
                0x0800203c                HAL_CAN_TxMailbox0AbortCallback
 .text.HAL_CAN_TxMailbox1AbortCallback
                0x08002040        0x4 build/stm32l4xx_hal_can.o
                0x08002040                HAL_CAN_TxMailbox1AbortCallback
 .text.HAL_CAN_TxMailbox2AbortCallback
                0x08002044        0x4 build/stm32l4xx_hal_can.o
                0x08002044                HAL_CAN_TxMailbox2AbortCallback
 .text.HAL_CAN_RxFifo0MsgPendingCallback
                0x08002048        0x4 build/stm32l4xx_hal_can.o
                0x08002048                HAL_CAN_RxFifo0MsgPendingCallback
 .text.HAL_CAN_RxFifo0FullCallback
                0x0800204c        0x4 build/stm32l4xx_hal_can.o
                0x0800204c                HAL_CAN_RxFifo0FullCallback
 .text.HAL_CAN_RxFifo1MsgPendingCallback
                0x08002050        0x4 build/stm32l4xx_hal_can.o
                0x08002050                HAL_CAN_RxFifo1MsgPendingCallback
 .text.HAL_CAN_RxFifo1FullCallback
                0x08002054        0x4 build/stm32l4xx_hal_can.o
                0x08002054                HAL_CAN_RxFifo1FullCallback
 .text.HAL_CAN_SleepCallback
                0x08002058        0x4 build/stm32l4xx_hal_can.o
                0x08002058                HAL_CAN_SleepCallback
 .text.HAL_CAN_WakeUpFromRxMsgCallback
                0x0800205c        0x4 build/stm32l4xx_hal_can.o
                0x0800205c                HAL_CAN_WakeUpFromRxMsgCallback
 .text.HAL_CAN_ErrorCallback
                0x08002060        0x4 build/stm32l4xx_hal_can.o
                0x08002060                HAL_CAN_ErrorCallback
 .text.HAL_CAN_IRQHandler
                0x08002064      0x250 build/stm32l4xx_hal_can.o
                0x08002064                HAL_CAN_IRQHandler
 .text.TIM_OC1_SetConfig
                0x080022b4       0x7c build/stm32l4xx_hal_tim.o
 .text.TIM_OC3_SetConfig
                0x08002330       0x74 build/stm32l4xx_hal_tim.o
 .text.TIM_OC4_SetConfig
                0x080023a4       0x5c build/stm32l4xx_hal_tim.o
 .text.TIM_OC5_SetConfig
                0x08002400       0x58 build/stm32l4xx_hal_tim.o
 .text.TIM_OC6_SetConfig
                0x08002458       0x5c build/stm32l4xx_hal_tim.o
 .text.TIM_TI1_ConfigInputStage
                0x080024b4       0x28 build/stm32l4xx_hal_tim.o
 .text.TIM_TI2_ConfigInputStage
                0x080024dc       0x28 build/stm32l4xx_hal_tim.o
 .text.TIM_ITRx_SetConfig
                0x08002504       0x10 build/stm32l4xx_hal_tim.o
 .text.HAL_TIM_Base_Start_IT
                0x08002514       0x6c build/stm32l4xx_hal_tim.o
                0x08002514                HAL_TIM_Base_Start_IT
 .text.HAL_TIM_OC_MspInit
                0x08002580        0x4 build/stm32l4xx_hal_tim.o
                0x08002580                HAL_TIM_OC_MspInit
 .text.HAL_TIM_OC_DelayElapsedCallback
                0x08002584        0x4 build/stm32l4xx_hal_tim.o
                0x08002584                HAL_TIM_OC_DelayElapsedCallback
 .text.HAL_TIM_IC_CaptureCallback
                0x08002588        0x4 build/stm32l4xx_hal_tim.o
                0x08002588                HAL_TIM_IC_CaptureCallback
 .text.HAL_TIM_PWM_PulseFinishedCallback
                0x0800258c        0x4 build/stm32l4xx_hal_tim.o
                0x0800258c                HAL_TIM_PWM_PulseFinishedCallback
 .text.HAL_TIM_TriggerCallback
                0x08002590        0x4 build/stm32l4xx_hal_tim.o
                0x08002590                HAL_TIM_TriggerCallback
 .text.HAL_TIM_IRQHandler
                0x08002594      0x190 build/stm32l4xx_hal_tim.o
                0x08002594                HAL_TIM_IRQHandler
 .text.TIM_Base_SetConfig
                0x08002724       0x70 build/stm32l4xx_hal_tim.o
                0x08002724                TIM_Base_SetConfig
 .text.HAL_TIM_Base_Init
                0x08002794       0x64 build/stm32l4xx_hal_tim.o
                0x08002794                HAL_TIM_Base_Init
 .text.HAL_TIM_OC_Init
                0x080027f8       0x64 build/stm32l4xx_hal_tim.o
                0x080027f8                HAL_TIM_OC_Init
 .text.TIM_OC2_SetConfig
                0x0800285c       0x74 build/stm32l4xx_hal_tim.o
                0x0800285c                TIM_OC2_SetConfig
 .text.HAL_TIM_OC_ConfigChannel
                0x080028d0       0x6c build/stm32l4xx_hal_tim.o
                0x080028d0                HAL_TIM_OC_ConfigChannel
 .text.TIM_ETR_SetConfig
                0x0800293c       0x1c build/stm32l4xx_hal_tim.o
                0x0800293c                TIM_ETR_SetConfig
 .text.HAL_TIM_ConfigClockSource
                0x08002958       0xe4 build/stm32l4xx_hal_tim.o
                0x08002958                HAL_TIM_ConfigClockSource
 .text.HAL_TIMEx_MasterConfigSynchronization
                0x08002a3c       0x70 build/stm32l4xx_hal_tim_ex.o
                0x08002a3c                HAL_TIMEx_MasterConfigSynchronization
 .text.HAL_TIMEx_ConfigBreakDeadTime
                0x08002aac       0x88 build/stm32l4xx_hal_tim_ex.o
                0x08002aac                HAL_TIMEx_ConfigBreakDeadTime
 .text.HAL_TIMEx_CommutCallback
                0x08002b34        0x4 build/stm32l4xx_hal_tim_ex.o
                0x08002b34                HAL_TIMEx_CommutCallback
 .text.HAL_TIMEx_BreakCallback
                0x08002b38        0x4 build/stm32l4xx_hal_tim_ex.o
                0x08002b38                HAL_TIMEx_BreakCallback
 .text.HAL_TIMEx_Break2Callback
                0x08002b3c        0x4 build/stm32l4xx_hal_tim_ex.o
                0x08002b3c                HAL_TIMEx_Break2Callback
 .text.UART_EndRxTransfer
                0x08002b40       0x30 build/stm32l4xx_hal_uart.o
 .text.HAL_UART_TxCpltCallback
                0x08002b70        0x4 build/stm32l4xx_hal_uart.o
                0x08002b70                HAL_UART_TxCpltCallback
 .text.UART_EndTransmit_IT
                0x08002b74       0x1c build/stm32l4xx_hal_uart.o
 .text.HAL_UART_ErrorCallback
                0x08002b90        0x4 build/stm32l4xx_hal_uart.o
                0x08002b90                HAL_UART_ErrorCallback
 .text.UART_DMAAbortOnError
                0x08002b94       0x14 build/stm32l4xx_hal_uart.o
 .text.HAL_UARTEx_RxEventCallback
                0x08002ba8        0x4 build/stm32l4xx_hal_uart.o
                0x08002ba8                HAL_UARTEx_RxEventCallback
 .text.HAL_UART_IRQHandler
                0x08002bac      0x274 build/stm32l4xx_hal_uart.o
                0x08002bac                HAL_UART_IRQHandler
 .text.UART_SetConfig
                0x08002e20      0x2b4 build/stm32l4xx_hal_uart.o
                0x08002e20                UART_SetConfig
 .text.UART_AdvFeatureConfig
                0x080030d4       0xc8 build/stm32l4xx_hal_uart.o
                0x080030d4                UART_AdvFeatureConfig
 .text.UART_WaitOnFlagUntilTimeout
                0x0800319c       0xa4 build/stm32l4xx_hal_uart.o
                0x0800319c                UART_WaitOnFlagUntilTimeout
 .text.HAL_UART_Transmit
                0x08003240       0xdc build/stm32l4xx_hal_uart.o
                0x08003240                HAL_UART_Transmit
 .text.UART_CheckIdleState
                0x0800331c       0x6c build/stm32l4xx_hal_uart.o
                0x0800331c                UART_CheckIdleState
 .text.HAL_UART_Init
                0x08003388       0x60 build/stm32l4xx_hal_uart.o
                0x08003388                HAL_UART_Init
 .text.HAL_UARTEx_WakeupCallback
                0x080033e8        0x4 build/stm32l4xx_hal_uart_ex.o
                0x080033e8                HAL_UARTEx_WakeupCallback
 .text.SystemInit
                0x080033ec       0x44 build/system_stm32l4xx.o
                0x080033ec                SystemInit
 .text.DTW_counter_init
                0x08003430       0x20 build/DTW_counter.o
                0x08003430                DTW_counter_init
 .text._write   0x08003450       0x34 build/syscalls.o
                0x08003450                _write
 .text.system_reset
                0x08003484       0x10 build/system_reset.o
                0x08003484                system_reset
 .text.flbblkbuff_init
                0x08003494       0x2c build/canwinch_ldrproto.o
 .text.canwinch_ldrproto_init
                0x080034c0       0x94 build/canwinch_ldrproto.o
                0x080034c0                canwinch_ldrproto_init
 .text.Reset_Handler
                0x08003554       0x50 build/startup_stm32l431xx.o
                0x08003554                Reset_Handler
 .text.Default_Handler
                0x080035a4        0x2 build/startup_stm32l431xx.o
                0x080035a4                RTC_Alarm_IRQHandler
                0x080035a4                EXTI2_IRQHandler
                0x080035a4                TIM1_CC_IRQHandler
                0x080035a4                TSC_IRQHandler
                0x080035a4                TAMP_STAMP_IRQHandler
                0x080035a4                EXTI3_IRQHandler
                0x080035a4                LPTIM2_IRQHandler
                0x080035a4                I2C3_ER_IRQHandler
                0x080035a4                EXTI0_IRQHandler
                0x080035a4                I2C2_EV_IRQHandler
                0x080035a4                FPU_IRQHandler
                0x080035a4                SPI1_IRQHandler
                0x080035a4                TIM6_DAC_IRQHandler
                0x080035a4                DMA2_Channel2_IRQHandler
                0x080035a4                DMA1_Channel4_IRQHandler
                0x080035a4                ADC1_IRQHandler
                0x080035a4                USART3_IRQHandler
                0x080035a4                DMA1_Channel7_IRQHandler
                0x080035a4                DMA2_Channel1_IRQHandler
                0x080035a4                QUADSPI_IRQHandler
                0x080035a4                I2C1_EV_IRQHandler
                0x080035a4                DMA1_Channel6_IRQHandler
                0x080035a4                DMA2_Channel4_IRQHandler
                0x080035a4                RCC_IRQHandler
                0x080035a4                TIM1_TRG_COM_IRQHandler
                0x080035a4                DMA1_Channel1_IRQHandler
                0x080035a4                Default_Handler
                0x080035a4                DMA2_Channel7_IRQHandler
                0x080035a4                EXTI15_10_IRQHandler
                0x080035a4                TIM7_IRQHandler
                0x080035a4                SDMMC1_IRQHandler
                0x080035a4                I2C3_EV_IRQHandler
                0x080035a4                EXTI9_5_IRQHandler
                0x080035a4                RTC_WKUP_IRQHandler
                0x080035a4                PVD_PVM_IRQHandler
                0x080035a4                SPI2_IRQHandler
                0x080035a4                DMA2_Channel5_IRQHandler
                0x080035a4                CRS_IRQHandler
                0x080035a4                DMA1_Channel5_IRQHandler
                0x080035a4                EXTI4_IRQHandler
                0x080035a4                RNG_IRQHandler
                0x080035a4                DMA1_Channel3_IRQHandler
                0x080035a4                COMP_IRQHandler
                0x080035a4                WWDG_IRQHandler
                0x080035a4                LPUART1_IRQHandler
                0x080035a4                DMA2_Channel6_IRQHandler
                0x080035a4                TIM2_IRQHandler
                0x080035a4                EXTI1_IRQHandler
                0x080035a4                USART2_IRQHandler
                0x080035a4                I2C2_ER_IRQHandler
                0x080035a4                DMA1_Channel2_IRQHandler
                0x080035a4                CAN1_SCE_IRQHandler
                0x080035a4                FLASH_IRQHandler
                0x080035a4                SPI3_IRQHandler
                0x080035a4                I2C1_ER_IRQHandler
                0x080035a4                SWPMI1_IRQHandler
                0x080035a4                LPTIM1_IRQHandler
                0x080035a4                SAI1_IRQHandler
                0x080035a4                DMA2_Channel3_IRQHandler
                0x080035a4                TIM1_BRK_TIM15_IRQHandler
 *fill*         0x080035a6        0x2 
 .text.__errno  0x080035a8        0xc /home/deh/launchpad/gcc-arm-none-eabi-5_4-2016q3/bin/../lib/gcc/arm-none-eabi/5.4.1/../../../../arm-none-eabi/lib/armv7e-m/fpu/libc_nano.a(lib_a-errno.o)
                0x080035a8                __errno
 .text.__libc_init_array
                0x080035b4       0x4c /home/deh/launchpad/gcc-arm-none-eabi-5_4-2016q3/bin/../lib/gcc/arm-none-eabi/5.4.1/../../../../arm-none-eabi/lib/armv7e-m/fpu/libc_nano.a(lib_a-init.o)
                0x080035b4                __libc_init_array
 .text.memset   0x08003600       0x10 /home/deh/launchpad/gcc-arm-none-eabi-5_4-2016q3/bin/../lib/gcc/arm-none-eabi/5.4.1/../../../../arm-none-eabi/lib/armv7e-m/fpu/libc_nano.a(lib_a-memset.o)
                0x08003600                memset
 .text.printf   0x08003610       0x30 /home/deh/launchpad/gcc-arm-none-eabi-5_4-2016q3/bin/../lib/gcc/arm-none-eabi/5.4.1/../../../../arm-none-eabi/lib/armv7e-m/fpu/libc_nano.a(lib_a-printf.o)
                0x08003610                printf
                0x08003610                iprintf
 .text._cleanup_r
                0x08003640        0xc /home/deh/launchpad/gcc-arm-none-eabi-5_4-2016q3/bin/../lib/gcc/arm-none-eabi/5.4.1/../../../../arm-none-eabi/lib/armv7e-m/fpu/libc_nano.a(lib_a-findfp.o)
                0x08003640                _cleanup_r
 .text.std.isra.0
                0x0800364c       0x48 /home/deh/launchpad/gcc-arm-none-eabi-5_4-2016q3/bin/../lib/gcc/arm-none-eabi/5.4.1/../../../../arm-none-eabi/lib/armv7e-m/fpu/libc_nano.a(lib_a-findfp.o)
 .text.__sfmoreglue
                0x08003694       0x2c /home/deh/launchpad/gcc-arm-none-eabi-5_4-2016q3/bin/../lib/gcc/arm-none-eabi/5.4.1/../../../../arm-none-eabi/lib/armv7e-m/fpu/libc_nano.a(lib_a-findfp.o)
                0x08003694                __sfmoreglue
 .text.__sinit  0x080036c0       0x60 /home/deh/launchpad/gcc-arm-none-eabi-5_4-2016q3/bin/../lib/gcc/arm-none-eabi/5.4.1/../../../../arm-none-eabi/lib/armv7e-m/fpu/libc_nano.a(lib_a-findfp.o)
                0x080036c0                __sinit
 .text.__sfp    0x08003720       0x78 /home/deh/launchpad/gcc-arm-none-eabi-5_4-2016q3/bin/../lib/gcc/arm-none-eabi/5.4.1/../../../../arm-none-eabi/lib/armv7e-m/fpu/libc_nano.a(lib_a-findfp.o)
                0x08003720                __sfp
 .text._fwalk_reent
                0x08003798       0x3c /home/deh/launchpad/gcc-arm-none-eabi-5_4-2016q3/bin/../lib/gcc/arm-none-eabi/5.4.1/../../../../arm-none-eabi/lib/armv7e-m/fpu/libc_nano.a(lib_a-fwalk.o)
                0x08003798                _fwalk_reent
 .text._malloc_r
                0x080037d4       0xbc /home/deh/launchpad/gcc-arm-none-eabi-5_4-2016q3/bin/../lib/gcc/arm-none-eabi/5.4.1/../../../../arm-none-eabi/lib/armv7e-m/fpu/libc_nano.a(lib_a-nano-mallocr.o)
                0x080037d4                _malloc_r
 .text.__sfputc_r
                0x08003890       0x30 /home/deh/launchpad/gcc-arm-none-eabi-5_4-2016q3/bin/../lib/gcc/arm-none-eabi/5.4.1/../../../../arm-none-eabi/lib/armv7e-m/fpu/libc_nano.a(lib_a-nano-vfprintf.o)
 .text.__sfputs_r
                0x080038c0       0x24 /home/deh/launchpad/gcc-arm-none-eabi-5_4-2016q3/bin/../lib/gcc/arm-none-eabi/5.4.1/../../../../arm-none-eabi/lib/armv7e-m/fpu/libc_nano.a(lib_a-nano-vfprintf.o)
                0x080038c0                __sfputs_r
 .text._vfprintf_r
                0x080038e4      0x238 /home/deh/launchpad/gcc-arm-none-eabi-5_4-2016q3/bin/../lib/gcc/arm-none-eabi/5.4.1/../../../../arm-none-eabi/lib/armv7e-m/fpu/libc_nano.a(lib_a-nano-vfprintf.o)
                0x080038e4                _vfiprintf_r
                0x080038e4                _vfprintf_r
 .text._printf_common
                0x08003b1c       0xec /home/deh/launchpad/gcc-arm-none-eabi-5_4-2016q3/bin/../lib/gcc/arm-none-eabi/5.4.1/../../../../arm-none-eabi/lib/armv7e-m/fpu/libc_nano.a(lib_a-nano-vfprintf_i.o)
                0x08003b1c                _printf_common
 .text._printf_i
                0x08003c08      0x24c /home/deh/launchpad/gcc-arm-none-eabi-5_4-2016q3/bin/../lib/gcc/arm-none-eabi/5.4.1/../../../../arm-none-eabi/lib/armv7e-m/fpu/libc_nano.a(lib_a-nano-vfprintf_i.o)
                0x08003c08                _printf_i
 .text._sbrk_r  0x08003e54       0x20 /home/deh/launchpad/gcc-arm-none-eabi-5_4-2016q3/bin/../lib/gcc/arm-none-eabi/5.4.1/../../../../arm-none-eabi/lib/armv7e-m/fpu/libc_nano.a(lib_a-sbrkr.o)
                0x08003e54                _sbrk_r
 .text.__sread  0x08003e74       0x22 /home/deh/launchpad/gcc-arm-none-eabi-5_4-2016q3/bin/../lib/gcc/arm-none-eabi/5.4.1/../../../../arm-none-eabi/lib/armv7e-m/fpu/libc_nano.a(lib_a-stdio.o)
                0x08003e74                __sread
 .text.__swrite
                0x08003e96       0x38 /home/deh/launchpad/gcc-arm-none-eabi-5_4-2016q3/bin/../lib/gcc/arm-none-eabi/5.4.1/../../../../arm-none-eabi/lib/armv7e-m/fpu/libc_nano.a(lib_a-stdio.o)
                0x08003e96                __swrite
 .text.__sseek  0x08003ece       0x24 /home/deh/launchpad/gcc-arm-none-eabi-5_4-2016q3/bin/../lib/gcc/arm-none-eabi/5.4.1/../../../../arm-none-eabi/lib/armv7e-m/fpu/libc_nano.a(lib_a-stdio.o)
                0x08003ece                __sseek
 .text.__sclose
                0x08003ef2        0x8 /home/deh/launchpad/gcc-arm-none-eabi-5_4-2016q3/bin/../lib/gcc/arm-none-eabi/5.4.1/../../../../arm-none-eabi/lib/armv7e-m/fpu/libc_nano.a(lib_a-stdio.o)
                0x08003ef2                __sclose
 *fill*         0x08003efa        0x2 
 .text.__swbuf_r
                0x08003efc       0xa8 /home/deh/launchpad/gcc-arm-none-eabi-5_4-2016q3/bin/../lib/gcc/arm-none-eabi/5.4.1/../../../../arm-none-eabi/lib/armv7e-m/fpu/libc_nano.a(lib_a-wbuf.o)
                0x08003efc                __swbuf_r
 .text._write_r
                0x08003fa4       0x24 /home/deh/launchpad/gcc-arm-none-eabi-5_4-2016q3/bin/../lib/gcc/arm-none-eabi/5.4.1/../../../../arm-none-eabi/lib/armv7e-m/fpu/libc_nano.a(lib_a-writer.o)
                0x08003fa4                _write_r
 .text.__swsetup_r
                0x08003fc8       0xdc /home/deh/launchpad/gcc-arm-none-eabi-5_4-2016q3/bin/../lib/gcc/arm-none-eabi/5.4.1/../../../../arm-none-eabi/lib/armv7e-m/fpu/libc_nano.a(lib_a-wsetup.o)
                0x08003fc8                __swsetup_r
 .text._close_r
                0x080040a4       0x20 /home/deh/launchpad/gcc-arm-none-eabi-5_4-2016q3/bin/../lib/gcc/arm-none-eabi/5.4.1/../../../../arm-none-eabi/lib/armv7e-m/fpu/libc_nano.a(lib_a-closer.o)
                0x080040a4                _close_r
 .text.__sflush_r
                0x080040c4      0x110 /home/deh/launchpad/gcc-arm-none-eabi-5_4-2016q3/bin/../lib/gcc/arm-none-eabi/5.4.1/../../../../arm-none-eabi/lib/armv7e-m/fpu/libc_nano.a(lib_a-fflush.o)
                0x080040c4                __sflush_r
 .text._fflush_r
                0x080041d4       0x54 /home/deh/launchpad/gcc-arm-none-eabi-5_4-2016q3/bin/../lib/gcc/arm-none-eabi/5.4.1/../../../../arm-none-eabi/lib/armv7e-m/fpu/libc_nano.a(lib_a-fflush.o)
                0x080041d4                _fflush_r
 .text._lseek_r
                0x08004228       0x24 /home/deh/launchpad/gcc-arm-none-eabi-5_4-2016q3/bin/../lib/gcc/arm-none-eabi/5.4.1/../../../../arm-none-eabi/lib/armv7e-m/fpu/libc_nano.a(lib_a-lseekr.o)
                0x08004228                _lseek_r
 .text.__swhatbuf_r
                0x0800424c       0x46 /home/deh/launchpad/gcc-arm-none-eabi-5_4-2016q3/bin/../lib/gcc/arm-none-eabi/5.4.1/../../../../arm-none-eabi/lib/armv7e-m/fpu/libc_nano.a(lib_a-makebuf.o)
                0x0800424c                __swhatbuf_r
 *fill*         0x08004292        0x2 
 .text.__smakebuf_r
                0x08004294       0x78 /home/deh/launchpad/gcc-arm-none-eabi-5_4-2016q3/bin/../lib/gcc/arm-none-eabi/5.4.1/../../../../arm-none-eabi/lib/armv7e-m/fpu/libc_nano.a(lib_a-makebuf.o)
                0x08004294                __smakebuf_r
 .text.__malloc_lock
                0x0800430c        0x2 /home/deh/launchpad/gcc-arm-none-eabi-5_4-2016q3/bin/../lib/gcc/arm-none-eabi/5.4.1/../../../../arm-none-eabi/lib/armv7e-m/fpu/libc_nano.a(lib_a-mlock.o)
                0x0800430c                __malloc_lock
 .text.__malloc_unlock
                0x0800430e        0x2 /home/deh/launchpad/gcc-arm-none-eabi-5_4-2016q3/bin/../lib/gcc/arm-none-eabi/5.4.1/../../../../arm-none-eabi/lib/armv7e-m/fpu/libc_nano.a(lib_a-mlock.o)
                0x0800430e                __malloc_unlock
 .text._free_r  0x08004310       0x9c /home/deh/launchpad/gcc-arm-none-eabi-5_4-2016q3/bin/../lib/gcc/arm-none-eabi/5.4.1/../../../../arm-none-eabi/lib/armv7e-m/fpu/libc_nano.a(lib_a-nano-freer.o)
                0x08004310                _free_r
 .text._read_r  0x080043ac       0x24 /home/deh/launchpad/gcc-arm-none-eabi-5_4-2016q3/bin/../lib/gcc/arm-none-eabi/5.4.1/../../../../arm-none-eabi/lib/armv7e-m/fpu/libc_nano.a(lib_a-readr.o)
                0x080043ac                _read_r
 .text._fstat_r
                0x080043d0       0x24 /home/deh/launchpad/gcc-arm-none-eabi-5_4-2016q3/bin/../lib/gcc/arm-none-eabi/5.4.1/../../../../arm-none-eabi/lib/armv7e-m/fpu/libc_nano.a(lib_a-fstatr.o)
                0x080043d0                _fstat_r
 .text._isatty_r
                0x080043f4       0x20 /home/deh/launchpad/gcc-arm-none-eabi-5_4-2016q3/bin/../lib/gcc/arm-none-eabi/5.4.1/../../../../arm-none-eabi/lib/armv7e-m/fpu/libc_nano.a(lib_a-isattyr.o)
                0x080043f4                _isatty_r
 .text._close   0x08004414       0x10 /home/deh/launchpad/gcc-arm-none-eabi-5_4-2016q3/bin/../lib/gcc/arm-none-eabi/5.4.1/../../../../arm-none-eabi/lib/armv7e-m/fpu/libnosys.a(close.o)
                0x08004414                _close
 .text._fstat   0x08004424       0x10 /home/deh/launchpad/gcc-arm-none-eabi-5_4-2016q3/bin/../lib/gcc/arm-none-eabi/5.4.1/../../../../arm-none-eabi/lib/armv7e-m/fpu/libnosys.a(fstat.o)
                0x08004424                _fstat
 .text._isatty  0x08004434       0x10 /home/deh/launchpad/gcc-arm-none-eabi-5_4-2016q3/bin/../lib/gcc/arm-none-eabi/5.4.1/../../../../arm-none-eabi/lib/armv7e-m/fpu/libnosys.a(isatty.o)
                0x08004434                _isatty
 .text._lseek   0x08004444       0x10 /home/deh/launchpad/gcc-arm-none-eabi-5_4-2016q3/bin/../lib/gcc/arm-none-eabi/5.4.1/../../../../arm-none-eabi/lib/armv7e-m/fpu/libnosys.a(lseek.o)
                0x08004444                _lseek
 .text._read    0x08004454       0x10 /home/deh/launchpad/gcc-arm-none-eabi-5_4-2016q3/bin/../lib/gcc/arm-none-eabi/5.4.1/../../../../arm-none-eabi/lib/armv7e-m/fpu/libnosys.a(read.o)
                0x08004454                _read
 .text._sbrk    0x08004464       0x1c /home/deh/launchpad/gcc-arm-none-eabi-5_4-2016q3/bin/../lib/gcc/arm-none-eabi/5.4.1/../../../../arm-none-eabi/lib/armv7e-m/fpu/libnosys.a(sbrk.o)
                0x08004464                _sbrk
 *(.glue_7)
 .glue_7        0x08004480        0x0 linker stubs
 *(.glue_7t)
 .glue_7t       0x08004480        0x0 linker stubs
 *(.eh_frame)
 .eh_frame      0x08004480        0x0 /home/deh/launchpad/gcc-arm-none-eabi-5_4-2016q3/bin/../lib/gcc/arm-none-eabi/5.4.1/armv7e-m/fpu/crtbegin.o
 *(.init)
 .init          0x08004480        0x4 /home/deh/launchpad/gcc-arm-none-eabi-5_4-2016q3/bin/../lib/gcc/arm-none-eabi/5.4.1/armv7e-m/fpu/crti.o
                0x08004480                _init
 .init          0x08004484        0x8 /home/deh/launchpad/gcc-arm-none-eabi-5_4-2016q3/bin/../lib/gcc/arm-none-eabi/5.4.1/armv7e-m/fpu/crtn.o
 *(.fini)
 .fini          0x0800448c        0x4 /home/deh/launchpad/gcc-arm-none-eabi-5_4-2016q3/bin/../lib/gcc/arm-none-eabi/5.4.1/armv7e-m/fpu/crti.o
                0x0800448c                _fini
 .fini          0x08004490        0x8 /home/deh/launchpad/gcc-arm-none-eabi-5_4-2016q3/bin/../lib/gcc/arm-none-eabi/5.4.1/armv7e-m/fpu/crtn.o
                0x08004498                . = ALIGN (0x8)
                0x08004498                _etext = .

.vfp11_veneer   0x08004498        0x0
 .vfp11_veneer  0x08004498        0x0 linker stubs

.v4_bx          0x08004498        0x0
 .v4_bx         0x08004498        0x0 linker stubs

.iplt           0x08004498        0x0
 .iplt          0x08004498        0x0 /home/deh/launchpad/gcc-arm-none-eabi-5_4-2016q3/bin/../lib/gcc/arm-none-eabi/5.4.1/armv7e-m/fpu/crtbegin.o

.rodata         0x08004498      0x5c8
                0x08004498                . = ALIGN (0x8)
 *(.rodata)
 *(.rodata*)
 .rodata.str1.4
                0x08004498      0x1ad build/main.o
 *fill*         0x08004645        0x3 
 .rodata.AHBPrescTable
                0x08004648       0x10 build/system_stm32l4xx.o
                0x08004648                AHBPrescTable
 .rodata.APBPrescTable
                0x08004658        0x8 build/system_stm32l4xx.o
                0x08004658                APBPrescTable
 .rodata.MSIRangeTable
                0x08004660       0x30 build/system_stm32l4xx.o
                0x08004660                MSIRangeTable
 .rodata.str1.4
                0x08004690      0x338 build/canwinch_ldrproto.o
                                0x33c (size before relaxing)
 .rodata._global_impure_ptr
                0x080049c8        0x4 /home/deh/launchpad/gcc-arm-none-eabi-5_4-2016q3/bin/../lib/gcc/arm-none-eabi/5.4.1/../../../../arm-none-eabi/lib/armv7e-m/fpu/libc_nano.a(lib_a-impure.o)
                0x080049c8                _global_impure_ptr
 .rodata.__sf_fake_stdin
                0x080049cc       0x20 /home/deh/launchpad/gcc-arm-none-eabi-5_4-2016q3/bin/../lib/gcc/arm-none-eabi/5.4.1/../../../../arm-none-eabi/lib/armv7e-m/fpu/libc_nano.a(lib_a-findfp.o)
                0x080049cc                __sf_fake_stdin
 .rodata.__sf_fake_stdout
                0x080049ec       0x20 /home/deh/launchpad/gcc-arm-none-eabi-5_4-2016q3/bin/../lib/gcc/arm-none-eabi/5.4.1/../../../../arm-none-eabi/lib/armv7e-m/fpu/libc_nano.a(lib_a-findfp.o)
                0x080049ec                __sf_fake_stdout
 .rodata.__sf_fake_stderr
                0x08004a0c       0x20 /home/deh/launchpad/gcc-arm-none-eabi-5_4-2016q3/bin/../lib/gcc/arm-none-eabi/5.4.1/../../../../arm-none-eabi/lib/armv7e-m/fpu/libc_nano.a(lib_a-findfp.o)
                0x08004a0c                __sf_fake_stderr
 .rodata.str1.1
                0x08004a2c       0x11 /home/deh/launchpad/gcc-arm-none-eabi-5_4-2016q3/bin/../lib/gcc/arm-none-eabi/5.4.1/../../../../arm-none-eabi/lib/armv7e-m/fpu/libc_nano.a(lib_a-nano-vfprintf.o)
 .rodata.str1.1
                0x08004a3d       0x22 /home/deh/launchpad/gcc-arm-none-eabi-5_4-2016q3/bin/../lib/gcc/arm-none-eabi/5.4.1/../../../../arm-none-eabi/lib/armv7e-m/fpu/libc_nano.a(lib_a-nano-vfprintf_i.o)
                0x08004a60                . = ALIGN (0x8)
 *fill*         0x08004a5f        0x1 

.ARM.extab      0x08004a60        0x0
                0x08004a60                . = ALIGN (0x8)
 *(.ARM.extab* .gnu.linkonce.armextab.*)
                0x08004a60                . = ALIGN (0x8)

.ARM            0x08004a60        0x8
                0x08004a60                . = ALIGN (0x8)
                0x08004a60                __exidx_start = .
 *(.ARM.exidx*)
 .ARM.exidx     0x08004a60        0x8 /home/deh/launchpad/gcc-arm-none-eabi-5_4-2016q3/bin/../lib/gcc/arm-none-eabi/5.4.1/armv7e-m/fpu/libgcc.a(_udivmoddi4.o)
                0x08004a68                __exidx_end = .
                0x08004a68                . = ALIGN (0x8)

.rel.dyn        0x08004a68        0x0
 .rel.iplt      0x08004a68        0x0 /home/deh/launchpad/gcc-arm-none-eabi-5_4-2016q3/bin/../lib/gcc/arm-none-eabi/5.4.1/armv7e-m/fpu/crtbegin.o

.preinit_array  0x08004a68        0x0
                0x08004a68                . = ALIGN (0x8)
                0x08004a68                PROVIDE (__preinit_array_start, .)
 *(.preinit_array*)
                0x08004a68                PROVIDE (__preinit_array_end, .)
                0x08004a68                . = ALIGN (0x8)

.init_array     0x08004a68        0x8
                0x08004a68                . = ALIGN (0x8)
                0x08004a68                PROVIDE (__init_array_start, .)
 *(SORT(.init_array.*))
 *(.init_array*)
 .init_array    0x08004a68        0x4 /home/deh/launchpad/gcc-arm-none-eabi-5_4-2016q3/bin/../lib/gcc/arm-none-eabi/5.4.1/armv7e-m/fpu/crtbegin.o
                0x08004a6c                PROVIDE (__init_array_end, .)
                0x08004a70                . = ALIGN (0x8)
 *fill*         0x08004a6c        0x4 

.fini_array     0x08004a70        0x8
                0x08004a70                . = ALIGN (0x8)
                [!provide]                PROVIDE (__fini_array_start, .)
 *(SORT(.fini_array.*))
 *(.fini_array*)
 .fini_array    0x08004a70        0x4 /home/deh/launchpad/gcc-arm-none-eabi-5_4-2016q3/bin/../lib/gcc/arm-none-eabi/5.4.1/armv7e-m/fpu/crtbegin.o
                [!provide]                PROVIDE (__fini_array_end, .)
                0x08004a78                . = ALIGN (0x8)
 *fill*         0x08004a74        0x4 
                0x08004a78                _sidata = LOADADDR (.data)

.data           0x20000000       0x78 load address 0x08004a78
                0x20000000                . = ALIGN (0x8)
                0x20000000                _sdata = .
 *(.data)
 *(.data*)
 .data.uwTickPrio
                0x20000000        0x4 build/stm32l4xx_hal.o
                0x20000000                uwTickPrio
 .data.uwTickFreq
                0x20000004        0x1 build/stm32l4xx_hal.o
                0x20000004                uwTickFreq
 *fill*         0x20000005        0x3 
 .data.SystemCoreClock
                0x20000008        0x4 build/system_stm32l4xx.o
                0x20000008                SystemCoreClock
 .data.flashblocksize
                0x2000000c        0x4 build/canwinch_ldrproto.o
                0x2000000c                flashblocksize
 .data.impure_data
                0x20000010       0x60 /home/deh/launchpad/gcc-arm-none-eabi-5_4-2016q3/bin/../lib/gcc/arm-none-eabi/5.4.1/../../../../arm-none-eabi/lib/armv7e-m/fpu/libc_nano.a(lib_a-impure.o)
 .data._impure_ptr
                0x20000070        0x4 /home/deh/launchpad/gcc-arm-none-eabi-5_4-2016q3/bin/../lib/gcc/arm-none-eabi/5.4.1/../../../../arm-none-eabi/lib/armv7e-m/fpu/libc_nano.a(lib_a-impure.o)
                0x20000070                _impure_ptr
                0x20000078                . = ALIGN (0x8)
 *fill*         0x20000074        0x4 
                0x20000078                _edata = .

.jcr            0x20000078        0x0 load address 0x08004af0
 .jcr           0x20000078        0x0 /home/deh/launchpad/gcc-arm-none-eabi-5_4-2016q3/bin/../lib/gcc/arm-none-eabi/5.4.1/armv7e-m/fpu/crtbegin.o

.igot.plt       0x20000078        0x0 load address 0x08004af0
 .igot.plt      0x20000078        0x0 /home/deh/launchpad/gcc-arm-none-eabi-5_4-2016q3/bin/../lib/gcc/arm-none-eabi/5.4.1/armv7e-m/fpu/crtbegin.o
                0x20000078                . = ALIGN (0x4)

.bss            0x20000078      0x9dc load address 0x08004af0
                0x20000078                _sbss = .
                0x20000078                __bss_start__ = _sbss
 *(.bss)
 .bss           0x20000078       0x1c /home/deh/launchpad/gcc-arm-none-eabi-5_4-2016q3/bin/../lib/gcc/arm-none-eabi/5.4.1/armv7e-m/fpu/crtbegin.o
 *(.bss*)
 *fill*         0x20000094        0x4 
 .bss.can_msg_cmd
                0x20000098       0x10 build/canwinch_ldrproto.o
 .bss.can_msg_wr
                0x200000a8       0x10 build/canwinch_ldrproto.o
 .bss.can_msg_rd
                0x200000b8       0x10 build/canwinch_ldrproto.o
 .bss.flblkbuff
                0x200000c8      0x810 build/canwinch_ldrproto.o
 .bss.ldr_phase
                0x200008d8        0x4 build/canwinch_ldrproto.o
                0x200008d8                ldr_phase
 .bss.__malloc_sbrk_start
                0x200008dc        0x4 /home/deh/launchpad/gcc-arm-none-eabi-5_4-2016q3/bin/../lib/gcc/arm-none-eabi/5.4.1/../../../../arm-none-eabi/lib/armv7e-m/fpu/libc_nano.a(lib_a-nano-mallocr.o)
                0x200008dc                __malloc_sbrk_start
 .bss.__malloc_free_list
                0x200008e0        0x4 /home/deh/launchpad/gcc-arm-none-eabi-5_4-2016q3/bin/../lib/gcc/arm-none-eabi/5.4.1/../../../../arm-none-eabi/lib/armv7e-m/fpu/libc_nano.a(lib_a-nano-mallocr.o)
                0x200008e0                __malloc_free_list
 .bss.heap_end.4169
                0x200008e4        0x4 /home/deh/launchpad/gcc-arm-none-eabi-5_4-2016q3/bin/../lib/gcc/arm-none-eabi/5.4.1/../../../../arm-none-eabi/lib/armv7e-m/fpu/libnosys.a(sbrk.o)
 *(COMMON)
 COMMON         0x200008e8      0x10c build/main.o
                0x200008e8                htim15
                0x20000934                flashsize
                0x20000938                huart1
                0x200009bc                flashblocksize1
                0x200009c0                hcan1
                0x200009e8                unique_id
 COMMON         0x200009f4       0x4c build/stm32l4xx_hal_timebase_tim.o
                0x200009f4                htim16
 COMMON         0x20000a40        0x4 build/stm32l4xx_hal.o
                0x20000a40                uwTick
 COMMON         0x20000a44        0xc build/canwinch_ldrproto.o
                0x20000a44                padd
                0x20000a48                padd_start
                0x20000a4c                flash_hi
 COMMON         0x20000a50        0x4 /home/deh/launchpad/gcc-arm-none-eabi-5_4-2016q3/bin/../lib/gcc/arm-none-eabi/5.4.1/../../../../arm-none-eabi/lib/armv7e-m/fpu/libc_nano.a(lib_a-reent.o)
                0x20000a50                errno
                0x20000a54                . = ALIGN (0x4)
                0x20000a54                _ebss = .
                0x20000a54                __bss_end__ = _ebss

._user_heap_stack
                0x20000a54     0x3004 load address 0x08004af0
                0x20000a58                . = ALIGN (0x8)
 *fill*         0x20000a54        0x4 
                0x20000a58                PROVIDE (end, .)
                [!provide]                PROVIDE (_end, .)
                0x20001a58                . = (. + _Min_Heap_Size)
 *fill*         0x20000a58     0x1000 
                0x20003a58                . = (. + _Min_Stack_Size)
 *fill*         0x20001a58     0x2000 
                0x20003a58                . = ALIGN (0x8)

/DISCARD/
 libc.a(*)
 libm.a(*)
 libgcc.a(*)

.ARM.attributes
                0x00000000       0x30
 *(.ARM.attributes)
 .ARM.attributes
                0x00000000       0x22 /home/deh/launchpad/gcc-arm-none-eabi-5_4-2016q3/bin/../lib/gcc/arm-none-eabi/5.4.1/armv7e-m/fpu/crti.o
 .ARM.attributes
                0x00000022       0x34 /home/deh/launchpad/gcc-arm-none-eabi-5_4-2016q3/bin/../lib/gcc/arm-none-eabi/5.4.1/armv7e-m/fpu/crtbegin.o
 .ARM.attributes
                0x00000056       0x39 build/main.o
 .ARM.attributes
                0x0000008f       0x39 build/stm32l4xx_it.o
 .ARM.attributes
                0x000000c8       0x39 build/stm32l4xx_hal_msp.o
 .ARM.attributes
                0x00000101       0x39 build/stm32l4xx_hal_timebase_tim.o
 .ARM.attributes
                0x0000013a       0x39 build/stm32l4xx_hal.o
 .ARM.attributes
                0x00000173       0x39 build/stm32l4xx_hal_rcc.o
 .ARM.attributes
                0x000001ac       0x39 build/stm32l4xx_hal_rcc_ex.o
 .ARM.attributes
                0x000001e5       0x39 build/stm32l4xx_hal_gpio.o
 .ARM.attributes
                0x0000021e       0x39 build/stm32l4xx_hal_dma.o
 .ARM.attributes
                0x00000257       0x39 build/stm32l4xx_hal_pwr_ex.o
 .ARM.attributes
                0x00000290       0x39 build/stm32l4xx_hal_cortex.o
 .ARM.attributes
                0x000002c9       0x39 build/stm32l4xx_hal_can.o
 .ARM.attributes
                0x00000302       0x39 build/stm32l4xx_hal_tim.o
 .ARM.attributes
                0x0000033b       0x39 build/stm32l4xx_hal_tim_ex.o
 .ARM.attributes
                0x00000374       0x39 build/stm32l4xx_hal_uart.o
 .ARM.attributes
                0x000003ad       0x39 build/stm32l4xx_hal_uart_ex.o
 .ARM.attributes
                0x000003e6       0x39 build/system_stm32l4xx.o
 .ARM.attributes
                0x0000041f       0x39 build/DTW_counter.o
 .ARM.attributes
                0x00000458       0x39 build/syscalls.o
 .ARM.attributes
                0x00000491       0x39 build/system_reset.o
 .ARM.attributes
                0x000004ca       0x39 build/canwinch_ldrproto.o
 .ARM.attributes
                0x00000503       0x21 build/startup_stm32l431xx.o
 .ARM.attributes
                0x00000524       0x34 /home/deh/launchpad/gcc-arm-none-eabi-5_4-2016q3/bin/../lib/gcc/arm-none-eabi/5.4.1/../../../../arm-none-eabi/lib/armv7e-m/fpu/libc_nano.a(lib_a-errno.o)
 .ARM.attributes
                0x00000558       0x34 /home/deh/launchpad/gcc-arm-none-eabi-5_4-2016q3/bin/../lib/gcc/arm-none-eabi/5.4.1/../../../../arm-none-eabi/lib/armv7e-m/fpu/libc_nano.a(lib_a-impure.o)
 .ARM.attributes
                0x0000058c       0x34 /home/deh/launchpad/gcc-arm-none-eabi-5_4-2016q3/bin/../lib/gcc/arm-none-eabi/5.4.1/../../../../arm-none-eabi/lib/armv7e-m/fpu/libc_nano.a(lib_a-init.o)
 .ARM.attributes
                0x000005c0       0x34 /home/deh/launchpad/gcc-arm-none-eabi-5_4-2016q3/bin/../lib/gcc/arm-none-eabi/5.4.1/../../../../arm-none-eabi/lib/armv7e-m/fpu/libc_nano.a(lib_a-memset.o)
 .ARM.attributes
                0x000005f4       0x34 /home/deh/launchpad/gcc-arm-none-eabi-5_4-2016q3/bin/../lib/gcc/arm-none-eabi/5.4.1/../../../../arm-none-eabi/lib/armv7e-m/fpu/libc_nano.a(lib_a-printf.o)
 .ARM.attributes
                0x00000628       0x34 /home/deh/launchpad/gcc-arm-none-eabi-5_4-2016q3/bin/../lib/gcc/arm-none-eabi/5.4.1/../../../../arm-none-eabi/lib/armv7e-m/fpu/libc_nano.a(lib_a-findfp.o)
 .ARM.attributes
                0x0000065c       0x34 /home/deh/launchpad/gcc-arm-none-eabi-5_4-2016q3/bin/../lib/gcc/arm-none-eabi/5.4.1/../../../../arm-none-eabi/lib/armv7e-m/fpu/libc_nano.a(lib_a-fwalk.o)
 .ARM.attributes
                0x00000690       0x34 /home/deh/launchpad/gcc-arm-none-eabi-5_4-2016q3/bin/../lib/gcc/arm-none-eabi/5.4.1/../../../../arm-none-eabi/lib/armv7e-m/fpu/libc_nano.a(lib_a-nano-mallocr.o)
 .ARM.attributes
                0x000006c4       0x34 /home/deh/launchpad/gcc-arm-none-eabi-5_4-2016q3/bin/../lib/gcc/arm-none-eabi/5.4.1/../../../../arm-none-eabi/lib/armv7e-m/fpu/libc_nano.a(lib_a-nano-vfprintf.o)
 .ARM.attributes
                0x000006f8       0x34 /home/deh/launchpad/gcc-arm-none-eabi-5_4-2016q3/bin/../lib/gcc/arm-none-eabi/5.4.1/../../../../arm-none-eabi/lib/armv7e-m/fpu/libc_nano.a(lib_a-nano-vfprintf_i.o)
 .ARM.attributes
                0x0000072c       0x34 /home/deh/launchpad/gcc-arm-none-eabi-5_4-2016q3/bin/../lib/gcc/arm-none-eabi/5.4.1/../../../../arm-none-eabi/lib/armv7e-m/fpu/libc_nano.a(lib_a-sbrkr.o)
 .ARM.attributes
                0x00000760       0x34 /home/deh/launchpad/gcc-arm-none-eabi-5_4-2016q3/bin/../lib/gcc/arm-none-eabi/5.4.1/../../../../arm-none-eabi/lib/armv7e-m/fpu/libc_nano.a(lib_a-stdio.o)
 .ARM.attributes
                0x00000794       0x34 /home/deh/launchpad/gcc-arm-none-eabi-5_4-2016q3/bin/../lib/gcc/arm-none-eabi/5.4.1/../../../../arm-none-eabi/lib/armv7e-m/fpu/libc_nano.a(lib_a-wbuf.o)
 .ARM.attributes
                0x000007c8       0x34 /home/deh/launchpad/gcc-arm-none-eabi-5_4-2016q3/bin/../lib/gcc/arm-none-eabi/5.4.1/../../../../arm-none-eabi/lib/armv7e-m/fpu/libc_nano.a(lib_a-writer.o)
 .ARM.attributes
                0x000007fc       0x34 /home/deh/launchpad/gcc-arm-none-eabi-5_4-2016q3/bin/../lib/gcc/arm-none-eabi/5.4.1/../../../../arm-none-eabi/lib/armv7e-m/fpu/libc_nano.a(lib_a-wsetup.o)
 .ARM.attributes
                0x00000830       0x34 /home/deh/launchpad/gcc-arm-none-eabi-5_4-2016q3/bin/../lib/gcc/arm-none-eabi/5.4.1/../../../../arm-none-eabi/lib/armv7e-m/fpu/libc_nano.a(lib_a-closer.o)
 .ARM.attributes
                0x00000864       0x34 /home/deh/launchpad/gcc-arm-none-eabi-5_4-2016q3/bin/../lib/gcc/arm-none-eabi/5.4.1/../../../../arm-none-eabi/lib/armv7e-m/fpu/libc_nano.a(lib_a-fflush.o)
 .ARM.attributes
                0x00000898       0x34 /home/deh/launchpad/gcc-arm-none-eabi-5_4-2016q3/bin/../lib/gcc/arm-none-eabi/5.4.1/../../../../arm-none-eabi/lib/armv7e-m/fpu/libc_nano.a(lib_a-lseekr.o)
 .ARM.attributes
                0x000008cc       0x34 /home/deh/launchpad/gcc-arm-none-eabi-5_4-2016q3/bin/../lib/gcc/arm-none-eabi/5.4.1/../../../../arm-none-eabi/lib/armv7e-m/fpu/libc_nano.a(lib_a-makebuf.o)
 .ARM.attributes
                0x00000900       0x20 /home/deh/launchpad/gcc-arm-none-eabi-5_4-2016q3/bin/../lib/gcc/arm-none-eabi/5.4.1/../../../../arm-none-eabi/lib/armv7e-m/fpu/libc_nano.a(lib_a-memchr.o)
 .ARM.attributes
                0x00000920       0x34 /home/deh/launchpad/gcc-arm-none-eabi-5_4-2016q3/bin/../lib/gcc/arm-none-eabi/5.4.1/../../../../arm-none-eabi/lib/armv7e-m/fpu/libc_nano.a(lib_a-mlock.o)
 .ARM.attributes
                0x00000954       0x34 /home/deh/launchpad/gcc-arm-none-eabi-5_4-2016q3/bin/../lib/gcc/arm-none-eabi/5.4.1/../../../../arm-none-eabi/lib/armv7e-m/fpu/libc_nano.a(lib_a-nano-freer.o)
 .ARM.attributes
                0x00000988       0x34 /home/deh/launchpad/gcc-arm-none-eabi-5_4-2016q3/bin/../lib/gcc/arm-none-eabi/5.4.1/../../../../arm-none-eabi/lib/armv7e-m/fpu/libc_nano.a(lib_a-readr.o)
 .ARM.attributes
                0x000009bc       0x34 /home/deh/launchpad/gcc-arm-none-eabi-5_4-2016q3/bin/../lib/gcc/arm-none-eabi/5.4.1/../../../../arm-none-eabi/lib/armv7e-m/fpu/libc_nano.a(lib_a-reent.o)
 .ARM.attributes
                0x000009f0       0x34 /home/deh/launchpad/gcc-arm-none-eabi-5_4-2016q3/bin/../lib/gcc/arm-none-eabi/5.4.1/../../../../arm-none-eabi/lib/armv7e-m/fpu/libc_nano.a(lib_a-fstatr.o)
 .ARM.attributes
                0x00000a24       0x34 /home/deh/launchpad/gcc-arm-none-eabi-5_4-2016q3/bin/../lib/gcc/arm-none-eabi/5.4.1/../../../../arm-none-eabi/lib/armv7e-m/fpu/libc_nano.a(lib_a-isattyr.o)
 .ARM.attributes
                0x00000a58       0x34 /home/deh/launchpad/gcc-arm-none-eabi-5_4-2016q3/bin/../lib/gcc/arm-none-eabi/5.4.1/../../../../arm-none-eabi/lib/armv7e-m/fpu/libnosys.a(close.o)
 .ARM.attributes
                0x00000a8c       0x34 /home/deh/launchpad/gcc-arm-none-eabi-5_4-2016q3/bin/../lib/gcc/arm-none-eabi/5.4.1/../../../../arm-none-eabi/lib/armv7e-m/fpu/libnosys.a(fstat.o)
 .ARM.attributes
                0x00000ac0       0x34 /home/deh/launchpad/gcc-arm-none-eabi-5_4-2016q3/bin/../lib/gcc/arm-none-eabi/5.4.1/../../../../arm-none-eabi/lib/armv7e-m/fpu/libnosys.a(isatty.o)
 .ARM.attributes
                0x00000af4       0x34 /home/deh/launchpad/gcc-arm-none-eabi-5_4-2016q3/bin/../lib/gcc/arm-none-eabi/5.4.1/../../../../arm-none-eabi/lib/armv7e-m/fpu/libnosys.a(lseek.o)
 .ARM.attributes
                0x00000b28       0x34 /home/deh/launchpad/gcc-arm-none-eabi-5_4-2016q3/bin/../lib/gcc/arm-none-eabi/5.4.1/../../../../arm-none-eabi/lib/armv7e-m/fpu/libnosys.a(read.o)
 .ARM.attributes
                0x00000b5c       0x34 /home/deh/launchpad/gcc-arm-none-eabi-5_4-2016q3/bin/../lib/gcc/arm-none-eabi/5.4.1/../../../../arm-none-eabi/lib/armv7e-m/fpu/libnosys.a(sbrk.o)
 .ARM.attributes
                0x00000b90       0x22 /home/deh/launchpad/gcc-arm-none-eabi-5_4-2016q3/bin/../lib/gcc/arm-none-eabi/5.4.1/armv7e-m/fpu/libgcc.a(_aeabi_uldivmod.o)
 .ARM.attributes
                0x00000bb2       0x34 /home/deh/launchpad/gcc-arm-none-eabi-5_4-2016q3/bin/../lib/gcc/arm-none-eabi/5.4.1/armv7e-m/fpu/libgcc.a(_udivmoddi4.o)
 .ARM.attributes
                0x00000be6       0x22 /home/deh/launchpad/gcc-arm-none-eabi-5_4-2016q3/bin/../lib/gcc/arm-none-eabi/5.4.1/armv7e-m/fpu/libgcc.a(_dvmd_tls.o)
 .ARM.attributes
                0x00000c08       0x22 /home/deh/launchpad/gcc-arm-none-eabi-5_4-2016q3/bin/../lib/gcc/arm-none-eabi/5.4.1/armv7e-m/fpu/crtn.o
OUTPUT(build/ldrfixedL431.elf elf32-littlearm)

.debug_info     0x00000000    0x16f9b
 .debug_info    0x00000000     0x1e5a build/main.o
 .debug_info    0x00001e5a     0x1109 build/stm32l4xx_it.o
 .debug_info    0x00002f63     0x1a4d build/stm32l4xx_hal_msp.o
 .debug_info    0x000049b0      0xdd6 build/stm32l4xx_hal_timebase_tim.o
 .debug_info    0x00005786      0xcb4 build/stm32l4xx_hal.o
 .debug_info    0x0000643a      0xfd6 build/stm32l4xx_hal_rcc.o
 .debug_info    0x00007410     0x1339 build/stm32l4xx_hal_rcc_ex.o
 .debug_info    0x00008749      0x952 build/stm32l4xx_hal_gpio.o
 .debug_info    0x0000909b      0x915 build/stm32l4xx_hal_dma.o
 .debug_info    0x000099b0      0xacc build/stm32l4xx_hal_pwr_ex.o
 .debug_info    0x0000a47c     0x103b build/stm32l4xx_hal_cortex.o
 .debug_info    0x0000b4b7     0x12d1 build/stm32l4xx_hal_can.o
 .debug_info    0x0000c788     0x3a18 build/stm32l4xx_hal_tim.o
 .debug_info    0x000101a0     0x1b68 build/stm32l4xx_hal_tim_ex.o
 .debug_info    0x00011d08     0x20e0 build/stm32l4xx_hal_uart.o
 .debug_info    0x00013de8      0xcfd build/stm32l4xx_hal_uart_ex.o
 .debug_info    0x00014ae5      0x6df build/system_stm32l4xx.o
 .debug_info    0x000151c4       0x3f build/DTW_counter.o
 .debug_info    0x00015203      0x85e build/syscalls.o
 .debug_info    0x00015a61       0x40 build/system_reset.o
 .debug_info    0x00015aa1     0x148e build/canwinch_ldrproto.o
 .debug_info    0x00016f2f       0x6c build/startup_stm32l431xx.o

.debug_abbrev   0x00000000     0x2bfb
 .debug_abbrev  0x00000000      0x2de build/main.o
 .debug_abbrev  0x000002de      0x1c5 build/stm32l4xx_it.o
 .debug_abbrev  0x000004a3      0x220 build/stm32l4xx_hal_msp.o
 .debug_abbrev  0x000006c3      0x1fb build/stm32l4xx_hal_timebase_tim.o
 .debug_abbrev  0x000008be      0x23d build/stm32l4xx_hal.o
 .debug_abbrev  0x00000afb      0x237 build/stm32l4xx_hal_rcc.o
 .debug_abbrev  0x00000d32      0x275 build/stm32l4xx_hal_rcc_ex.o
 .debug_abbrev  0x00000fa7      0x21c build/stm32l4xx_hal_gpio.o
 .debug_abbrev  0x000011c3      0x24a build/stm32l4xx_hal_dma.o
 .debug_abbrev  0x0000140d      0x21c build/stm32l4xx_hal_pwr_ex.o
 .debug_abbrev  0x00001629      0x33e build/stm32l4xx_hal_cortex.o
 .debug_abbrev  0x00001967      0x284 build/stm32l4xx_hal_can.o
 .debug_abbrev  0x00001beb      0x27f build/stm32l4xx_hal_tim.o
 .debug_abbrev  0x00001e6a      0x287 build/stm32l4xx_hal_tim_ex.o
 .debug_abbrev  0x000020f1      0x288 build/stm32l4xx_hal_uart.o
 .debug_abbrev  0x00002379      0x22e build/stm32l4xx_hal_uart_ex.o
 .debug_abbrev  0x000025a7      0x153 build/system_stm32l4xx.o
 .debug_abbrev  0x000026fa       0x2e build/DTW_counter.o
 .debug_abbrev  0x00002728      0x1a2 build/syscalls.o
 .debug_abbrev  0x000028ca       0x31 build/system_reset.o
 .debug_abbrev  0x000028fb      0x2ee build/canwinch_ldrproto.o
 .debug_abbrev  0x00002be9       0x12 build/startup_stm32l431xx.o

.debug_loc      0x00000000     0xfb94
 .debug_loc     0x00000000      0x27c build/main.o
 .debug_loc     0x0000027c       0xa0 build/stm32l4xx_it.o
 .debug_loc     0x0000031c      0x198 build/stm32l4xx_hal_msp.o
 .debug_loc     0x000004b4       0xb1 build/stm32l4xx_hal_timebase_tim.o
 .debug_loc     0x00000565      0x2ed build/stm32l4xx_hal.o
 .debug_loc     0x00000852      0x92f build/stm32l4xx_hal_rcc.o
 .debug_loc     0x00001181     0x185c build/stm32l4xx_hal_rcc_ex.o
 .debug_loc     0x000029dd      0x365 build/stm32l4xx_hal_gpio.o
 .debug_loc     0x00002d42      0x7d5 build/stm32l4xx_hal_dma.o
 .debug_loc     0x00003517      0x806 build/stm32l4xx_hal_pwr_ex.o
 .debug_loc     0x00003d1d      0x5c0 build/stm32l4xx_hal_cortex.o
 .debug_loc     0x000042dd      0xd5b build/stm32l4xx_hal_can.o
 .debug_loc     0x00005038     0x5342 build/stm32l4xx_hal_tim.o
 .debug_loc     0x0000a37a     0x2251 build/stm32l4xx_hal_tim_ex.o
 .debug_loc     0x0000c5cb     0x1e14 build/stm32l4xx_hal_uart.o
 .debug_loc     0x0000e3df      0x7f7 build/stm32l4xx_hal_uart_ex.o
 .debug_loc     0x0000ebd6       0xc2 build/system_stm32l4xx.o
 .debug_loc     0x0000ec98       0xe8 build/syscalls.o
 .debug_loc     0x0000ed80      0xe14 build/canwinch_ldrproto.o

.debug_aranges  0x00000000     0x1150
 .debug_aranges
                0x00000000       0x60 build/main.o
 .debug_aranges
                0x00000060       0x88 build/stm32l4xx_it.o
 .debug_aranges
                0x000000e8       0x50 build/stm32l4xx_hal_msp.o
 .debug_aranges
                0x00000138       0x30 build/stm32l4xx_hal_timebase_tim.o
 .debug_aranges
                0x00000168      0x130 build/stm32l4xx_hal.o
 .debug_aranges
                0x00000298       0x88 build/stm32l4xx_hal_rcc.o
 .debug_aranges
                0x00000320       0xf0 build/stm32l4xx_hal_rcc_ex.o
 .debug_aranges
                0x00000410       0x58 build/stm32l4xx_hal_gpio.o
 .debug_aranges
                0x00000468       0x80 build/stm32l4xx_hal_dma.o
 .debug_aranges
                0x000004e8      0x100 build/stm32l4xx_hal_pwr_ex.o
 .debug_aranges
                0x000005e8       0xa8 build/stm32l4xx_hal_cortex.o
 .debug_aranges
                0x00000690      0x138 build/stm32l4xx_hal_can.o
 .debug_aranges
                0x000007c8      0x3e0 build/stm32l4xx_hal_tim.o
 .debug_aranges
                0x00000ba8      0x180 build/stm32l4xx_hal_tim_ex.o
 .debug_aranges
                0x00000d28      0x228 build/stm32l4xx_hal_uart.o
 .debug_aranges
                0x00000f50       0x78 build/stm32l4xx_hal_uart_ex.o
 .debug_aranges
                0x00000fc8       0x28 build/system_stm32l4xx.o
 .debug_aranges
                0x00000ff0       0x20 build/DTW_counter.o
 .debug_aranges
                0x00001010       0x20 build/syscalls.o
 .debug_aranges
                0x00001030       0x20 build/system_reset.o
 .debug_aranges
                0x00001050       0xd8 build/canwinch_ldrproto.o
 .debug_aranges
                0x00001128       0x28 build/startup_stm32l431xx.o

.debug_ranges   0x00000000     0x1010
 .debug_ranges  0x00000000       0x50 build/main.o
 .debug_ranges  0x00000050       0x78 build/stm32l4xx_it.o
 .debug_ranges  0x000000c8       0x40 build/stm32l4xx_hal_msp.o
 .debug_ranges  0x00000108       0x20 build/stm32l4xx_hal_timebase_tim.o
 .debug_ranges  0x00000128      0x120 build/stm32l4xx_hal.o
 .debug_ranges  0x00000248       0x90 build/stm32l4xx_hal_rcc.o
 .debug_ranges  0x000002d8       0xe0 build/stm32l4xx_hal_rcc_ex.o
 .debug_ranges  0x000003b8       0x48 build/stm32l4xx_hal_gpio.o
 .debug_ranges  0x00000400       0x70 build/stm32l4xx_hal_dma.o
 .debug_ranges  0x00000470       0xf0 build/stm32l4xx_hal_pwr_ex.o
 .debug_ranges  0x00000560       0x98 build/stm32l4xx_hal_cortex.o
 .debug_ranges  0x000005f8      0x128 build/stm32l4xx_hal_can.o
 .debug_ranges  0x00000720      0x3d0 build/stm32l4xx_hal_tim.o
 .debug_ranges  0x00000af0      0x170 build/stm32l4xx_hal_tim_ex.o
 .debug_ranges  0x00000c60      0x218 build/stm32l4xx_hal_uart.o
 .debug_ranges  0x00000e78       0x68 build/stm32l4xx_hal_uart_ex.o
 .debug_ranges  0x00000ee0       0x18 build/system_stm32l4xx.o
 .debug_ranges  0x00000ef8       0x10 build/DTW_counter.o
 .debug_ranges  0x00000f08       0x10 build/syscalls.o
 .debug_ranges  0x00000f18       0x10 build/system_reset.o
 .debug_ranges  0x00000f28       0xc8 build/canwinch_ldrproto.o
 .debug_ranges  0x00000ff0       0x20 build/startup_stm32l431xx.o

.debug_line     0x00000000     0x7f31
 .debug_line    0x00000000      0x472 build/main.o
 .debug_line    0x00000472      0x2eb build/stm32l4xx_it.o
 .debug_line    0x0000075d      0x30e build/stm32l4xx_hal_msp.o
 .debug_line    0x00000a6b      0x246 build/stm32l4xx_hal_timebase_tim.o
 .debug_line    0x00000cb1      0x490 build/stm32l4xx_hal.o
 .debug_line    0x00001141      0x5ea build/stm32l4xx_hal_rcc.o
 .debug_line    0x0000172b      0x7cd build/stm32l4xx_hal_rcc_ex.o
 .debug_line    0x00001ef8      0x318 build/stm32l4xx_hal_gpio.o
 .debug_line    0x00002210      0x42e build/stm32l4xx_hal_dma.o
 .debug_line    0x0000263e      0x536 build/stm32l4xx_hal_pwr_ex.o
 .debug_line    0x00002b74      0x3dd build/stm32l4xx_hal_cortex.o
 .debug_line    0x00002f51      0x633 build/stm32l4xx_hal_can.o
 .debug_line    0x00003584     0x1f90 build/stm32l4xx_hal_tim.o
 .debug_line    0x00005514      0xdae build/stm32l4xx_hal_tim_ex.o
 .debug_line    0x000062c2      0xe15 build/stm32l4xx_hal_uart.o
 .debug_line    0x000070d7      0x4ce build/stm32l4xx_hal_uart_ex.o
 .debug_line    0x000075a5      0x1a5 build/system_stm32l4xx.o
 .debug_line    0x0000774a       0x48 build/DTW_counter.o
 .debug_line    0x00007792      0x1e2 build/syscalls.o
 .debug_line    0x00007974       0x4a build/system_reset.o
 .debug_line    0x000079be      0x4fe build/canwinch_ldrproto.o
 .debug_line    0x00007ebc       0x75 build/startup_stm32l431xx.o

.debug_str      0x00000000     0x5915
 .debug_str     0x00000000     0x126b build/main.o
                               0x139f (size before relaxing)
 .debug_str     0x0000126b      0x14f build/stm32l4xx_it.o
                                0xd1d (size before relaxing)
 .debug_str     0x000013ba      0x6d3 build/stm32l4xx_hal_msp.o
                               0x146e (size before relaxing)
 .debug_str     0x00001a8d       0xe3 build/stm32l4xx_hal_timebase_tim.o
                                0xe1e (size before relaxing)
 .debug_str     0x00001b70      0x468 build/stm32l4xx_hal.o
                                0xcae (size before relaxing)
 .debug_str     0x00001fd8      0x283 build/stm32l4xx_hal_rcc.o
                                0x8dc (size before relaxing)
 .debug_str     0x0000225b      0x4bc build/stm32l4xx_hal_rcc_ex.o
                                0xc2a (size before relaxing)
 .debug_str     0x00002717       0xd5 build/stm32l4xx_hal_gpio.o
                                0x5de (size before relaxing)
 .debug_str     0x000027ec      0x264 build/stm32l4xx_hal_dma.o
                                0x6e3 (size before relaxing)
 .debug_str     0x00002a50      0x41a build/stm32l4xx_hal_pwr_ex.o
                                0x7ce (size before relaxing)
 .debug_str     0x00002e6a      0x414 build/stm32l4xx_hal_cortex.o
                                0xbcb (size before relaxing)
 .debug_str     0x0000327e      0x54f build/stm32l4xx_hal_can.o
                                0xaf1 (size before relaxing)
 .debug_str     0x000037cd      0xdbc build/stm32l4xx_hal_tim.o
                               0x176c (size before relaxing)
 .debug_str     0x00004589      0x53c build/stm32l4xx_hal_tim_ex.o
                               0x1075 (size before relaxing)
 .debug_str     0x00004ac5      0x752 build/stm32l4xx_hal_uart.o
                               0x105a (size before relaxing)
 .debug_str     0x00005217      0x1da build/stm32l4xx_hal_uart_ex.o
                                0x98c (size before relaxing)
 .debug_str     0x000053f1       0x3d build/system_stm32l4xx.o
                                0x47c (size before relaxing)
 .debug_str     0x0000542e       0x17 build/DTW_counter.o
                                0x113 (size before relaxing)
 .debug_str     0x00005445       0x21 build/syscalls.o
                                0x6e7 (size before relaxing)
 .debug_str     0x00005466       0x18 build/system_reset.o
                                0x110 (size before relaxing)
 .debug_str     0x0000547e      0x497 build/canwinch_ldrproto.o
                                0x791 (size before relaxing)

.comment        0x00000000       0x6e
 .comment       0x00000000       0x6e build/main.o
                                 0x6f (size before relaxing)
 .comment       0x0000006e       0x6f build/stm32l4xx_it.o
 .comment       0x0000006e       0x6f build/stm32l4xx_hal_msp.o
 .comment       0x0000006e       0x6f build/stm32l4xx_hal_timebase_tim.o
 .comment       0x0000006e       0x6f build/stm32l4xx_hal.o
 .comment       0x0000006e       0x6f build/stm32l4xx_hal_rcc.o
 .comment       0x0000006e       0x6f build/stm32l4xx_hal_rcc_ex.o
 .comment       0x0000006e       0x6f build/stm32l4xx_hal_gpio.o
 .comment       0x0000006e       0x6f build/stm32l4xx_hal_dma.o
 .comment       0x0000006e       0x6f build/stm32l4xx_hal_pwr_ex.o
 .comment       0x0000006e       0x6f build/stm32l4xx_hal_cortex.o
 .comment       0x0000006e       0x6f build/stm32l4xx_hal_can.o
 .comment       0x0000006e       0x6f build/stm32l4xx_hal_tim.o
 .comment       0x0000006e       0x6f build/stm32l4xx_hal_tim_ex.o
 .comment       0x0000006e       0x6f build/stm32l4xx_hal_uart.o
 .comment       0x0000006e       0x6f build/stm32l4xx_hal_uart_ex.o
 .comment       0x0000006e       0x6f build/system_stm32l4xx.o
 .comment       0x0000006e       0x6f build/DTW_counter.o
 .comment       0x0000006e       0x6f build/syscalls.o
 .comment       0x0000006e       0x6f build/system_reset.o
 .comment       0x0000006e       0x6f build/canwinch_ldrproto.o

.debug_frame    0x00000000     0x3a20
 .debug_frame   0x00000000      0x118 build/main.o
 .debug_frame   0x00000118      0x12c build/stm32l4xx_it.o
 .debug_frame   0x00000244       0xcc build/stm32l4xx_hal_msp.o
 .debug_frame   0x00000310       0x4c build/stm32l4xx_hal_timebase_tim.o
 .debug_frame   0x0000035c      0x29c build/stm32l4xx_hal.o
 .debug_frame   0x000005f8      0x1c4 build/stm32l4xx_hal_rcc.o
 .debug_frame   0x000007bc      0x26c build/stm32l4xx_hal_rcc_ex.o
 .debug_frame   0x00000a28       0xd4 build/stm32l4xx_hal_gpio.o
 .debug_frame   0x00000afc      0x180 build/stm32l4xx_hal_dma.o
 .debug_frame   0x00000c7c      0x204 build/stm32l4xx_hal_pwr_ex.o
 .debug_frame   0x00000e80      0x164 build/stm32l4xx_hal_cortex.o
 .debug_frame   0x00000fe4      0x320 build/stm32l4xx_hal_can.o
 .debug_frame   0x00001304      0xd28 build/stm32l4xx_hal_tim.o
 .debug_frame   0x0000202c      0x5b4 build/stm32l4xx_hal_tim_ex.o
 .debug_frame   0x000025e0      0x6d4 build/stm32l4xx_hal_uart.o
 .debug_frame   0x00002cb4      0x188 build/stm32l4xx_hal_uart_ex.o
 .debug_frame   0x00002e3c       0x30 build/system_stm32l4xx.o
 .debug_frame   0x00002e6c       0x20 build/DTW_counter.o
 .debug_frame   0x00002e8c       0x2c build/syscalls.o
 .debug_frame   0x00002eb8       0x20 build/system_reset.o
 .debug_frame   0x00002ed8      0x2f8 build/canwinch_ldrproto.o
 .debug_frame   0x000031d0       0x20 /home/deh/launchpad/gcc-arm-none-eabi-5_4-2016q3/bin/../lib/gcc/arm-none-eabi/5.4.1/../../../../arm-none-eabi/lib/armv7e-m/fpu/libc_nano.a(lib_a-errno.o)
 .debug_frame   0x000031f0       0x2c /home/deh/launchpad/gcc-arm-none-eabi-5_4-2016q3/bin/../lib/gcc/arm-none-eabi/5.4.1/../../../../arm-none-eabi/lib/armv7e-m/fpu/libc_nano.a(lib_a-init.o)
 .debug_frame   0x0000321c       0x20 /home/deh/launchpad/gcc-arm-none-eabi-5_4-2016q3/bin/../lib/gcc/arm-none-eabi/5.4.1/../../../../arm-none-eabi/lib/armv7e-m/fpu/libc_nano.a(lib_a-memset.o)
 .debug_frame   0x0000323c       0x74 /home/deh/launchpad/gcc-arm-none-eabi-5_4-2016q3/bin/../lib/gcc/arm-none-eabi/5.4.1/../../../../arm-none-eabi/lib/armv7e-m/fpu/libc_nano.a(lib_a-printf.o)
 .debug_frame   0x000032b0      0x11c /home/deh/launchpad/gcc-arm-none-eabi-5_4-2016q3/bin/../lib/gcc/arm-none-eabi/5.4.1/../../../../arm-none-eabi/lib/armv7e-m/fpu/libc_nano.a(lib_a-findfp.o)
 .debug_frame   0x000033cc       0x54 /home/deh/launchpad/gcc-arm-none-eabi-5_4-2016q3/bin/../lib/gcc/arm-none-eabi/5.4.1/../../../../arm-none-eabi/lib/armv7e-m/fpu/libc_nano.a(lib_a-fwalk.o)
 .debug_frame   0x00003420       0x2c /home/deh/launchpad/gcc-arm-none-eabi-5_4-2016q3/bin/../lib/gcc/arm-none-eabi/5.4.1/../../../../arm-none-eabi/lib/armv7e-m/fpu/libc_nano.a(lib_a-nano-mallocr.o)
 .debug_frame   0x0000344c       0xac /home/deh/launchpad/gcc-arm-none-eabi-5_4-2016q3/bin/../lib/gcc/arm-none-eabi/5.4.1/../../../../arm-none-eabi/lib/armv7e-m/fpu/libc_nano.a(lib_a-nano-vfprintf.o)
 .debug_frame   0x000034f8       0x60 /home/deh/launchpad/gcc-arm-none-eabi-5_4-2016q3/bin/../lib/gcc/arm-none-eabi/5.4.1/../../../../arm-none-eabi/lib/armv7e-m/fpu/libc_nano.a(lib_a-nano-vfprintf_i.o)
 .debug_frame   0x00003558       0x2c /home/deh/launchpad/gcc-arm-none-eabi-5_4-2016q3/bin/../lib/gcc/arm-none-eabi/5.4.1/../../../../arm-none-eabi/lib/armv7e-m/fpu/libc_nano.a(lib_a-sbrkr.o)
 .debug_frame   0x00003584       0x88 /home/deh/launchpad/gcc-arm-none-eabi-5_4-2016q3/bin/../lib/gcc/arm-none-eabi/5.4.1/../../../../arm-none-eabi/lib/armv7e-m/fpu/libc_nano.a(lib_a-stdio.o)
 .debug_frame   0x0000360c       0x40 /home/deh/launchpad/gcc-arm-none-eabi-5_4-2016q3/bin/../lib/gcc/arm-none-eabi/5.4.1/../../../../arm-none-eabi/lib/armv7e-m/fpu/libc_nano.a(lib_a-wbuf.o)
 .debug_frame   0x0000364c       0x2c /home/deh/launchpad/gcc-arm-none-eabi-5_4-2016q3/bin/../lib/gcc/arm-none-eabi/5.4.1/../../../../arm-none-eabi/lib/armv7e-m/fpu/libc_nano.a(lib_a-writer.o)
 .debug_frame   0x00003678       0x2c /home/deh/launchpad/gcc-arm-none-eabi-5_4-2016q3/bin/../lib/gcc/arm-none-eabi/5.4.1/../../../../arm-none-eabi/lib/armv7e-m/fpu/libc_nano.a(lib_a-wsetup.o)
 .debug_frame   0x000036a4       0x2c /home/deh/launchpad/gcc-arm-none-eabi-5_4-2016q3/bin/../lib/gcc/arm-none-eabi/5.4.1/../../../../arm-none-eabi/lib/armv7e-m/fpu/libc_nano.a(lib_a-closer.o)
 .debug_frame   0x000036d0       0x68 /home/deh/launchpad/gcc-arm-none-eabi-5_4-2016q3/bin/../lib/gcc/arm-none-eabi/5.4.1/../../../../arm-none-eabi/lib/armv7e-m/fpu/libc_nano.a(lib_a-fflush.o)
 .debug_frame   0x00003738       0x2c /home/deh/launchpad/gcc-arm-none-eabi-5_4-2016q3/bin/../lib/gcc/arm-none-eabi/5.4.1/../../../../arm-none-eabi/lib/armv7e-m/fpu/libc_nano.a(lib_a-lseekr.o)
 .debug_frame   0x00003764       0x54 /home/deh/launchpad/gcc-arm-none-eabi-5_4-2016q3/bin/../lib/gcc/arm-none-eabi/5.4.1/../../../../arm-none-eabi/lib/armv7e-m/fpu/libc_nano.a(lib_a-makebuf.o)
 .debug_frame   0x000037b8       0x30 /home/deh/launchpad/gcc-arm-none-eabi-5_4-2016q3/bin/../lib/gcc/arm-none-eabi/5.4.1/../../../../arm-none-eabi/lib/armv7e-m/fpu/libc_nano.a(lib_a-mlock.o)
 .debug_frame   0x000037e8       0x38 /home/deh/launchpad/gcc-arm-none-eabi-5_4-2016q3/bin/../lib/gcc/arm-none-eabi/5.4.1/../../../../arm-none-eabi/lib/armv7e-m/fpu/libc_nano.a(lib_a-nano-freer.o)
 .debug_frame   0x00003820       0x2c /home/deh/launchpad/gcc-arm-none-eabi-5_4-2016q3/bin/../lib/gcc/arm-none-eabi/5.4.1/../../../../arm-none-eabi/lib/armv7e-m/fpu/libc_nano.a(lib_a-readr.o)
 .debug_frame   0x0000384c       0x5c /home/deh/launchpad/gcc-arm-none-eabi-5_4-2016q3/bin/../lib/gcc/arm-none-eabi/5.4.1/../../../../arm-none-eabi/lib/armv7e-m/fpu/libc_nano.a(lib_a-reent.o)
 .debug_frame   0x000038a8       0x2c /home/deh/launchpad/gcc-arm-none-eabi-5_4-2016q3/bin/../lib/gcc/arm-none-eabi/5.4.1/../../../../arm-none-eabi/lib/armv7e-m/fpu/libc_nano.a(lib_a-fstatr.o)
 .debug_frame   0x000038d4       0x2c /home/deh/launchpad/gcc-arm-none-eabi-5_4-2016q3/bin/../lib/gcc/arm-none-eabi/5.4.1/../../../../arm-none-eabi/lib/armv7e-m/fpu/libc_nano.a(lib_a-isattyr.o)
 .debug_frame   0x00003900       0x20 /home/deh/launchpad/gcc-arm-none-eabi-5_4-2016q3/bin/../lib/gcc/arm-none-eabi/5.4.1/../../../../arm-none-eabi/lib/armv7e-m/fpu/libnosys.a(close.o)
 .debug_frame   0x00003920       0x20 /home/deh/launchpad/gcc-arm-none-eabi-5_4-2016q3/bin/../lib/gcc/arm-none-eabi/5.4.1/../../../../arm-none-eabi/lib/armv7e-m/fpu/libnosys.a(fstat.o)
 .debug_frame   0x00003940       0x20 /home/deh/launchpad/gcc-arm-none-eabi-5_4-2016q3/bin/../lib/gcc/arm-none-eabi/5.4.1/../../../../arm-none-eabi/lib/armv7e-m/fpu/libnosys.a(isatty.o)
 .debug_frame   0x00003960       0x20 /home/deh/launchpad/gcc-arm-none-eabi-5_4-2016q3/bin/../lib/gcc/arm-none-eabi/5.4.1/../../../../arm-none-eabi/lib/armv7e-m/fpu/libnosys.a(lseek.o)
 .debug_frame   0x00003980       0x20 /home/deh/launchpad/gcc-arm-none-eabi-5_4-2016q3/bin/../lib/gcc/arm-none-eabi/5.4.1/../../../../arm-none-eabi/lib/armv7e-m/fpu/libnosys.a(read.o)
 .debug_frame   0x000039a0       0x20 /home/deh/launchpad/gcc-arm-none-eabi-5_4-2016q3/bin/../lib/gcc/arm-none-eabi/5.4.1/../../../../arm-none-eabi/lib/armv7e-m/fpu/libnosys.a(sbrk.o)
 .debug_frame   0x000039c0       0x2c /home/deh/launchpad/gcc-arm-none-eabi-5_4-2016q3/bin/../lib/gcc/arm-none-eabi/5.4.1/armv7e-m/fpu/libgcc.a(_aeabi_uldivmod.o)
 .debug_frame   0x000039ec       0x34 /home/deh/launchpad/gcc-arm-none-eabi-5_4-2016q3/bin/../lib/gcc/arm-none-eabi/5.4.1/armv7e-m/fpu/libgcc.a(_udivmoddi4.o)

.stab           0x00000000       0x84
 .stab          0x00000000       0x24 /home/deh/launchpad/gcc-arm-none-eabi-5_4-2016q3/bin/../lib/gcc/arm-none-eabi/5.4.1/../../../../arm-none-eabi/lib/armv7e-m/fpu/libnosys.a(close.o)
 .stab          0x00000024       0x18 /home/deh/launchpad/gcc-arm-none-eabi-5_4-2016q3/bin/../lib/gcc/arm-none-eabi/5.4.1/../../../../arm-none-eabi/lib/armv7e-m/fpu/libnosys.a(fstat.o)
                                 0x24 (size before relaxing)
 .stab          0x0000003c       0x18 /home/deh/launchpad/gcc-arm-none-eabi-5_4-2016q3/bin/../lib/gcc/arm-none-eabi/5.4.1/../../../../arm-none-eabi/lib/armv7e-m/fpu/libnosys.a(isatty.o)
                                 0x24 (size before relaxing)
 .stab          0x00000054       0x18 /home/deh/launchpad/gcc-arm-none-eabi-5_4-2016q3/bin/../lib/gcc/arm-none-eabi/5.4.1/../../../../arm-none-eabi/lib/armv7e-m/fpu/libnosys.a(lseek.o)
                                 0x24 (size before relaxing)
 .stab          0x0000006c       0x18 /home/deh/launchpad/gcc-arm-none-eabi-5_4-2016q3/bin/../lib/gcc/arm-none-eabi/5.4.1/../../../../arm-none-eabi/lib/armv7e-m/fpu/libnosys.a(read.o)
                                 0x24 (size before relaxing)

.stabstr        0x00000000      0x117
 .stabstr       0x00000000      0x117 /home/deh/launchpad/gcc-arm-none-eabi-5_4-2016q3/bin/../lib/gcc/arm-none-eabi/5.4.1/../../../../arm-none-eabi/lib/armv7e-m/fpu/libnosys.a(close.o)

Cross Reference Table

Symbol                                            File
ADC1_IRQHandler                                   build/startup_stm32l431xx.o
AHBPrescTable                                     build/system_stm32l4xx.o
                                                  build/stm32l4xx_hal_rcc.o
APBPrescTable                                     build/system_stm32l4xx.o
                                                  build/stm32l4xx_hal_rcc.o
BusFault_Handler                                  build/stm32l4xx_it.o
CAN1_RX0_IRQHandler                               build/stm32l4xx_it.o
CAN1_RX1_IRQHandler                               build/stm32l4xx_it.o
CAN1_SCE_IRQHandler                               build/startup_stm32l431xx.o
CAN1_TX_IRQHandler                                build/stm32l4xx_it.o
COMP_IRQHandler                                   build/startup_stm32l431xx.o
CRS_IRQHandler                                    build/startup_stm32l431xx.o
DMA1_Channel1_IRQHandler                          build/startup_stm32l431xx.o
DMA1_Channel2_IRQHandler                          build/startup_stm32l431xx.o
DMA1_Channel3_IRQHandler                          build/startup_stm32l431xx.o
DMA1_Channel4_IRQHandler                          build/startup_stm32l431xx.o
DMA1_Channel5_IRQHandler                          build/startup_stm32l431xx.o
DMA1_Channel6_IRQHandler                          build/startup_stm32l431xx.o
DMA1_Channel7_IRQHandler                          build/startup_stm32l431xx.o
DMA2_Channel1_IRQHandler                          build/startup_stm32l431xx.o
DMA2_Channel2_IRQHandler                          build/startup_stm32l431xx.o
DMA2_Channel3_IRQHandler                          build/startup_stm32l431xx.o
DMA2_Channel4_IRQHandler                          build/startup_stm32l431xx.o
DMA2_Channel5_IRQHandler                          build/startup_stm32l431xx.o
DMA2_Channel6_IRQHandler                          build/startup_stm32l431xx.o
DMA2_Channel7_IRQHandler                          build/startup_stm32l431xx.o
DTW_counter_init                                  build/DTW_counter.o
                                                  build/main.o
DebugMon_Handler                                  build/stm32l4xx_it.o
Default_Handler                                   build/startup_stm32l431xx.o
EXTI0_IRQHandler                                  build/startup_stm32l431xx.o
EXTI15_10_IRQHandler                              build/startup_stm32l431xx.o
EXTI1_IRQHandler                                  build/startup_stm32l431xx.o
EXTI2_IRQHandler                                  build/startup_stm32l431xx.o
EXTI3_IRQHandler                                  build/startup_stm32l431xx.o
EXTI4_IRQHandler                                  build/startup_stm32l431xx.o
EXTI9_5_IRQHandler                                build/startup_stm32l431xx.o
Error_Handler                                     build/main.o
                                                  build/stm32l4xx_hal_msp.o
FLASH_FlushCaches                                 build/stm32l4xx_hal_flash_ex.o
                                                  build/stm32l4xx_hal_flash.o
FLASH_IRQHandler                                  build/startup_stm32l431xx.o
FLASH_PageErase                                   build/stm32l4xx_hal_flash_ex.o
                                                  build/stm32l4xx_hal_flash.o
FLASH_WaitForLastOperation                        build/stm32l4xx_hal_flash.o
                                                  build/stm32l4xx_hal_flash_ex.o
FPU_IRQHandler                                    build/startup_stm32l431xx.o
HAL_CAN_AbortTxRequest                            build/stm32l4xx_hal_can.o
HAL_CAN_ActivateNotification                      build/stm32l4xx_hal_can.o
HAL_CAN_AddTxMessage                              build/stm32l4xx_hal_can.o
HAL_CAN_ConfigFilter                              build/stm32l4xx_hal_can.o
HAL_CAN_DeInit                                    build/stm32l4xx_hal_can.o
HAL_CAN_DeactivateNotification                    build/stm32l4xx_hal_can.o
HAL_CAN_ErrorCallback                             build/stm32l4xx_hal_can.o
HAL_CAN_GetError                                  build/stm32l4xx_hal_can.o
HAL_CAN_GetRxFifoFillLevel                        build/stm32l4xx_hal_can.o
HAL_CAN_GetRxMessage                              build/stm32l4xx_hal_can.o
HAL_CAN_GetState                                  build/stm32l4xx_hal_can.o
HAL_CAN_GetTxMailboxesFreeLevel                   build/stm32l4xx_hal_can.o
HAL_CAN_GetTxTimestamp                            build/stm32l4xx_hal_can.o
HAL_CAN_IRQHandler                                build/stm32l4xx_hal_can.o
                                                  build/stm32l4xx_it.o
HAL_CAN_Init                                      build/stm32l4xx_hal_can.o
                                                  build/main.o
HAL_CAN_IsSleepActive                             build/stm32l4xx_hal_can.o
HAL_CAN_IsTxMessagePending                        build/stm32l4xx_hal_can.o
HAL_CAN_MspDeInit                                 build/stm32l4xx_hal_msp.o
HAL_CAN_MspInit                                   build/stm32l4xx_hal_msp.o
HAL_CAN_RequestSleep                              build/stm32l4xx_hal_can.o
HAL_CAN_ResetError                                build/stm32l4xx_hal_can.o
HAL_CAN_RxFifo0FullCallback                       build/stm32l4xx_hal_can.o
HAL_CAN_RxFifo0MsgPendingCallback                 build/stm32l4xx_hal_can.o
HAL_CAN_RxFifo1FullCallback                       build/stm32l4xx_hal_can.o
HAL_CAN_RxFifo1MsgPendingCallback                 build/stm32l4xx_hal_can.o
HAL_CAN_SleepCallback                             build/stm32l4xx_hal_can.o
HAL_CAN_Start                                     build/stm32l4xx_hal_can.o
HAL_CAN_Stop                                      build/stm32l4xx_hal_can.o
HAL_CAN_TxMailbox0AbortCallback                   build/stm32l4xx_hal_can.o
HAL_CAN_TxMailbox0CompleteCallback                build/stm32l4xx_hal_can.o
HAL_CAN_TxMailbox1AbortCallback                   build/stm32l4xx_hal_can.o
HAL_CAN_TxMailbox1CompleteCallback                build/stm32l4xx_hal_can.o
HAL_CAN_TxMailbox2AbortCallback                   build/stm32l4xx_hal_can.o
HAL_CAN_TxMailbox2CompleteCallback                build/stm32l4xx_hal_can.o
HAL_CAN_WakeUp                                    build/stm32l4xx_hal_can.o
HAL_CAN_WakeUpFromRxMsgCallback                   build/stm32l4xx_hal_can.o
HAL_DBGMCU_DisableDBGSleepMode                    build/stm32l4xx_hal.o
HAL_DBGMCU_DisableDBGStandbyMode                  build/stm32l4xx_hal.o
HAL_DBGMCU_DisableDBGStopMode                     build/stm32l4xx_hal.o
HAL_DBGMCU_EnableDBGSleepMode                     build/stm32l4xx_hal.o
HAL_DBGMCU_EnableDBGStandbyMode                   build/stm32l4xx_hal.o
HAL_DBGMCU_EnableDBGStopMode                      build/stm32l4xx_hal.o
HAL_DMA_Abort                                     build/stm32l4xx_hal_dma.o
                                                  build/stm32l4xx_hal_uart.o
HAL_DMA_Abort_IT                                  build/stm32l4xx_hal_dma.o
                                                  build/stm32l4xx_hal_uart.o
                                                  build/stm32l4xx_hal_tim_ex.o
                                                  build/stm32l4xx_hal_tim.o
                                                  build/stm32l4xx_hal_i2c.o
HAL_DMA_DeInit                                    build/stm32l4xx_hal_dma.o
HAL_DMA_GetError                                  build/stm32l4xx_hal_dma.o
                                                  build/stm32l4xx_hal_uart.o
HAL_DMA_GetState                                  build/stm32l4xx_hal_dma.o
                                                  build/stm32l4xx_hal_i2c.o
HAL_DMA_IRQHandler                                build/stm32l4xx_hal_dma.o
HAL_DMA_Init                                      build/stm32l4xx_hal_dma.o
HAL_DMA_PollForTransfer                           build/stm32l4xx_hal_dma.o
HAL_DMA_RegisterCallback                          build/stm32l4xx_hal_dma.o
HAL_DMA_Start                                     build/stm32l4xx_hal_dma.o
HAL_DMA_Start_IT                                  build/stm32l4xx_hal_dma.o
                                                  build/stm32l4xx_hal_uart.o
                                                  build/stm32l4xx_hal_tim_ex.o
                                                  build/stm32l4xx_hal_tim.o
                                                  build/stm32l4xx_hal_i2c.o
HAL_DMA_UnRegisterCallback                        build/stm32l4xx_hal_dma.o
HAL_DeInit                                        build/stm32l4xx_hal.o
HAL_Delay                                         build/stm32l4xx_hal.o
HAL_EXTI_ClearConfigLine                          build/stm32l4xx_hal_exti.o
HAL_EXTI_ClearPending                             build/stm32l4xx_hal_exti.o
HAL_EXTI_GenerateSWI                              build/stm32l4xx_hal_exti.o
HAL_EXTI_GetConfigLine                            build/stm32l4xx_hal_exti.o
HAL_EXTI_GetHandle                                build/stm32l4xx_hal_exti.o
HAL_EXTI_GetPending                               build/stm32l4xx_hal_exti.o
HAL_EXTI_IRQHandler                               build/stm32l4xx_hal_exti.o
HAL_EXTI_RegisterCallback                         build/stm32l4xx_hal_exti.o
HAL_EXTI_SetConfigLine                            build/stm32l4xx_hal_exti.o
HAL_FLASHEx_DisableRunPowerDown                   build/stm32l4xx_hal_flash_ramfunc.o
HAL_FLASHEx_EnableRunPowerDown                    build/stm32l4xx_hal_flash_ramfunc.o
HAL_FLASHEx_Erase                                 build/stm32l4xx_hal_flash_ex.o
HAL_FLASHEx_Erase_IT                              build/stm32l4xx_hal_flash_ex.o
HAL_FLASHEx_OBGetConfig                           build/stm32l4xx_hal_flash_ex.o
HAL_FLASHEx_OBProgram                             build/stm32l4xx_hal_flash_ex.o
HAL_FLASH_EndOfOperationCallback                  build/stm32l4xx_hal_flash.o
HAL_FLASH_GetError                                build/stm32l4xx_hal_flash.o
HAL_FLASH_IRQHandler                              build/stm32l4xx_hal_flash.o
HAL_FLASH_Lock                                    build/stm32l4xx_hal_flash.o
HAL_FLASH_OB_Launch                               build/stm32l4xx_hal_flash.o
HAL_FLASH_OB_Lock                                 build/stm32l4xx_hal_flash.o
HAL_FLASH_OB_Unlock                               build/stm32l4xx_hal_flash.o
HAL_FLASH_OperationErrorCallback                  build/stm32l4xx_hal_flash.o
HAL_FLASH_Program                                 build/stm32l4xx_hal_flash.o
HAL_FLASH_Program_IT                              build/stm32l4xx_hal_flash.o
HAL_FLASH_Unlock                                  build/stm32l4xx_hal_flash.o
HAL_GPIO_DeInit                                   build/stm32l4xx_hal_gpio.o
                                                  build/stm32l4xx_hal_msp.o
HAL_GPIO_EXTI_Callback                            build/stm32l4xx_hal_gpio.o
HAL_GPIO_EXTI_IRQHandler                          build/stm32l4xx_hal_gpio.o
HAL_GPIO_Init                                     build/stm32l4xx_hal_gpio.o
                                                  build/stm32l4xx_hal_rcc_ex.o
                                                  build/stm32l4xx_hal_rcc.o
                                                  build/stm32l4xx_hal_msp.o
                                                  build/main.o
HAL_GPIO_LockPin                                  build/stm32l4xx_hal_gpio.o
HAL_GPIO_ReadPin                                  build/stm32l4xx_hal_gpio.o
HAL_GPIO_TogglePin                                build/stm32l4xx_hal_gpio.o
HAL_GPIO_WritePin                                 build/stm32l4xx_hal_gpio.o
                                                  build/morse.o
                                                  build/main.o
HAL_GetDEVID                                      build/stm32l4xx_hal.o
HAL_GetHalVersion                                 build/stm32l4xx_hal.o
HAL_GetREVID                                      build/stm32l4xx_hal.o
HAL_GetTick                                       build/stm32l4xx_hal.o
                                                  build/stm32l4xx_hal_uart_ex.o
                                                  build/stm32l4xx_hal_uart.o
                                                  build/stm32l4xx_hal_can.o
                                                  build/stm32l4xx_hal_dma.o
                                                  build/stm32l4xx_hal_flash.o
                                                  build/stm32l4xx_hal_rcc_ex.o
                                                  build/stm32l4xx_hal_rcc.o
                                                  build/stm32l4xx_hal_i2c.o
HAL_GetTickFreq                                   build/stm32l4xx_hal.o
HAL_GetTickPrio                                   build/stm32l4xx_hal.o
HAL_GetUIDw0                                      build/stm32l4xx_hal.o
HAL_GetUIDw1                                      build/stm32l4xx_hal.o
HAL_GetUIDw2                                      build/stm32l4xx_hal.o
HAL_HalfDuplex_EnableReceiver                     build/stm32l4xx_hal_uart.o
HAL_HalfDuplex_EnableTransmitter                  build/stm32l4xx_hal_uart.o
HAL_HalfDuplex_Init                               build/stm32l4xx_hal_uart.o
HAL_I2CEx_ConfigAnalogFilter                      build/stm32l4xx_hal_i2c_ex.o
HAL_I2CEx_ConfigDigitalFilter                     build/stm32l4xx_hal_i2c_ex.o
HAL_I2CEx_DisableFastModePlus                     build/stm32l4xx_hal_i2c_ex.o
HAL_I2CEx_DisableWakeUp                           build/stm32l4xx_hal_i2c_ex.o
HAL_I2CEx_EnableFastModePlus                      build/stm32l4xx_hal_i2c_ex.o
HAL_I2CEx_EnableWakeUp                            build/stm32l4xx_hal_i2c_ex.o
HAL_I2C_AbortCpltCallback                         build/stm32l4xx_hal_i2c.o
HAL_I2C_AddrCallback                              build/stm32l4xx_hal_i2c.o
HAL_I2C_DeInit                                    build/stm32l4xx_hal_i2c.o
HAL_I2C_DisableListen_IT                          build/stm32l4xx_hal_i2c.o
HAL_I2C_ER_IRQHandler                             build/stm32l4xx_hal_i2c.o
HAL_I2C_EV_IRQHandler                             build/stm32l4xx_hal_i2c.o
HAL_I2C_EnableListen_IT                           build/stm32l4xx_hal_i2c.o
HAL_I2C_ErrorCallback                             build/stm32l4xx_hal_i2c.o
HAL_I2C_GetError                                  build/stm32l4xx_hal_i2c.o
HAL_I2C_GetMode                                   build/stm32l4xx_hal_i2c.o
HAL_I2C_GetState                                  build/stm32l4xx_hal_i2c.o
HAL_I2C_Init                                      build/stm32l4xx_hal_i2c.o
HAL_I2C_IsDeviceReady                             build/stm32l4xx_hal_i2c.o
HAL_I2C_ListenCpltCallback                        build/stm32l4xx_hal_i2c.o
HAL_I2C_MasterRxCpltCallback                      build/stm32l4xx_hal_i2c.o
HAL_I2C_MasterTxCpltCallback                      build/stm32l4xx_hal_i2c.o
HAL_I2C_Master_Abort_IT                           build/stm32l4xx_hal_i2c.o
HAL_I2C_Master_Receive                            build/stm32l4xx_hal_i2c.o
HAL_I2C_Master_Receive_DMA                        build/stm32l4xx_hal_i2c.o
HAL_I2C_Master_Receive_IT                         build/stm32l4xx_hal_i2c.o
HAL_I2C_Master_Seq_Receive_DMA                    build/stm32l4xx_hal_i2c.o
HAL_I2C_Master_Seq_Receive_IT                     build/stm32l4xx_hal_i2c.o
HAL_I2C_Master_Seq_Transmit_DMA                   build/stm32l4xx_hal_i2c.o
HAL_I2C_Master_Seq_Transmit_IT                    build/stm32l4xx_hal_i2c.o
HAL_I2C_Master_Transmit                           build/stm32l4xx_hal_i2c.o
HAL_I2C_Master_Transmit_DMA                       build/stm32l4xx_hal_i2c.o
HAL_I2C_Master_Transmit_IT                        build/stm32l4xx_hal_i2c.o
HAL_I2C_MemRxCpltCallback                         build/stm32l4xx_hal_i2c.o
HAL_I2C_MemTxCpltCallback                         build/stm32l4xx_hal_i2c.o
HAL_I2C_Mem_Read                                  build/stm32l4xx_hal_i2c.o
HAL_I2C_Mem_Read_DMA                              build/stm32l4xx_hal_i2c.o
HAL_I2C_Mem_Read_IT                               build/stm32l4xx_hal_i2c.o
HAL_I2C_Mem_Write                                 build/stm32l4xx_hal_i2c.o
HAL_I2C_Mem_Write_DMA                             build/stm32l4xx_hal_i2c.o